ARM Linker, 5.03 [Build 76] [MDK-ARM Professional]

==============================================================================

Section Cross References

    startup_lpc17xx.o(STACK) refers (Special) to heapauxi.o(.text) for __use_two_region_memory
    startup_lpc17xx.o(HEAP) refers (Special) to heapauxi.o(.text) for __use_two_region_memory
    startup_lpc17xx.o(RESET) refers (Special) to heapauxi.o(.text) for __use_two_region_memory
    startup_lpc17xx.o(RESET) refers to startup_lpc17xx.o(STACK) for __initial_sp
    startup_lpc17xx.o(RESET) refers to startup_lpc17xx.o(.text) for Reset_Handler
    startup_lpc17xx.o(RESET) refers to irq.o(.text) for SysTick_Handler
    startup_lpc17xx.o(RESET) refers to adc.o(.text) for ADC_IRQHandler
    startup_lpc17xx.o(.ARM.__at_0x02FC) refers (Special) to heapauxi.o(.text) for __use_two_region_memory
    startup_lpc17xx.o(.text) refers (Special) to heapauxi.o(.text) for __use_two_region_memory
    startup_lpc17xx.o(.text) refers to system_lpc17xx.o(.text) for SystemInit
    startup_lpc17xx.o(.text) refers to __main.o(!!!main) for __main
    startup_lpc17xx.o(.text) refers to startup_lpc17xx.o(HEAP) for Heap_Mem
    startup_lpc17xx.o(.text) refers to startup_lpc17xx.o(STACK) for Stack_Mem
    system_lpc17xx.o(.text) refers to lludivv7m.o(.text) for __aeabi_uldivmod
    system_lpc17xx.o(.text) refers to system_lpc17xx.o(.data) for SystemCoreClock
    led.o(.text) refers to led.o(.constdata) for led_mask
    irq.o(.text) refers to led.o(.text) for LED_Out
    irq.o(.text) refers to adc.o(.text) for ADC_StartCnv
    irq.o(.text) refers to irq.o(.data) for ticks
    irq.o(.text) refers to adc.o(.data) for AD_last
    glcd_spi_lpc1700.o(.text) refers to glcd_spi_lpc1700.o(.data) for Himax
    glcd_spi_lpc1700.o(.text) refers to glcd_spi_lpc1700.o(.constdata) for Font_6x8_h
    blinky.o(.text) refers to glcd_spi_lpc1700.o(.text) for GLCD_Clear
    blinky.o(.text) refers to kbd.o(.text) for get_button
    blinky.o(.text) refers to led.o(.text) for LED_Init
    blinky.o(.text) refers to adc.o(.text) for ADC_Init
    blinky.o(.text) refers to blinky.o(.data) for musicOn
    adc.o(.text) refers to adc.o(.data) for AD_last
    __main.o(!!!main) refers to rtentry.o(.ARM.Collect$$rtentry$$00000000) for __rt_entry
    rtentry.o(.ARM.Collect$$rtentry$$00000000) refers (Special) to rtentry2.o(.ARM.Collect$$rtentry$$0000000A) for __rt_entry_li
    rtentry.o(.ARM.Collect$$rtentry$$00000000) refers (Special) to rtentry2.o(.ARM.Collect$$rtentry$$0000000D) for __rt_entry_main
    rtentry.o(.ARM.Collect$$rtentry$$00000000) refers (Special) to rtentry2.o(.ARM.Collect$$rtentry$$0000000C) for __rt_entry_postli_1
    rtentry.o(.ARM.Collect$$rtentry$$00000000) refers (Special) to rtentry2.o(.ARM.Collect$$rtentry$$00000009) for __rt_entry_postsh_1
    rtentry.o(.ARM.Collect$$rtentry$$00000000) refers (Special) to rtentry2.o(.ARM.Collect$$rtentry$$00000002) for __rt_entry_presh_1
    rtentry.o(.ARM.Collect$$rtentry$$00000000) refers (Special) to rtentry4.o(.ARM.Collect$$rtentry$$00000004) for __rt_entry_sh
    aeabi_ldiv0_sigfpe.o(.text) refers to rt_div0.o(.text) for __rt_div0
    rtentry2.o(.ARM.Collect$$rtentry$$00000008) refers to boardinit2.o(.text) for _platform_post_stackheap_init
    rtentry2.o(.ARM.Collect$$rtentry$$0000000A) refers to libinit.o(.ARM.Collect$$libinit$$00000000) for __rt_lib_init
    rtentry2.o(.ARM.Collect$$rtentry$$0000000B) refers to boardinit3.o(.text) for _platform_post_lib_init
    rtentry2.o(.ARM.Collect$$rtentry$$0000000D) refers to blinky.o(.text) for main
    rtentry2.o(.ARM.Collect$$rtentry$$0000000D) refers to exit.o(.text) for exit
    rtentry2.o(.ARM.exidx) refers to rtentry2.o(.ARM.Collect$$rtentry$$00000001) for .ARM.Collect$$rtentry$$00000001
    rtentry2.o(.ARM.exidx) refers to rtentry2.o(.ARM.Collect$$rtentry$$00000008) for .ARM.Collect$$rtentry$$00000008
    rtentry2.o(.ARM.exidx) refers to rtentry2.o(.ARM.Collect$$rtentry$$0000000A) for .ARM.Collect$$rtentry$$0000000A
    rtentry2.o(.ARM.exidx) refers to rtentry2.o(.ARM.Collect$$rtentry$$0000000B) for .ARM.Collect$$rtentry$$0000000B
    rtentry2.o(.ARM.exidx) refers to rtentry2.o(.ARM.Collect$$rtentry$$0000000D) for .ARM.Collect$$rtentry$$0000000D
    rtentry4.o(.ARM.Collect$$rtentry$$00000004) refers to sys_stackheap_outer.o(.text) for __user_setup_stackheap
    rtentry4.o(.ARM.exidx) refers to rtentry4.o(.ARM.Collect$$rtentry$$00000004) for .ARM.Collect$$rtentry$$00000004
    rt_div0.o(.text) refers to defsig_fpe_outer.o(.text) for __rt_SIGFPE
    sys_stackheap_outer.o(.text) refers to libspace.o(.text) for __user_perproc_libspace
    sys_stackheap_outer.o(.text) refers to startup_lpc17xx.o(.text) for __user_initial_stackheap
    exit.o(.text) refers to rtexit.o(.ARM.Collect$$rtexit$$00000000) for __rt_exit
    defsig_fpe_outer.o(.text) refers to defsig_fpe_inner.o(.text) for __rt_SIGFPE_inner
    defsig_fpe_outer.o(.text) refers to defsig_exit.o(.text) for __sig_exit
    defsig_fpe_formal.o(.text) refers to rt_raise.o(.text) for __rt_raise
    libinit.o(.ARM.Collect$$libinit$$00000000) refers (Special) to libinit2.o(.ARM.Collect$$libinit$$0000002C) for __rt_lib_init_alloca_1
    libinit.o(.ARM.Collect$$libinit$$00000000) refers (Special) to libinit2.o(.ARM.Collect$$libinit$$0000002A) for __rt_lib_init_argv_1
    libinit.o(.ARM.Collect$$libinit$$00000000) refers (Special) to libinit2.o(.ARM.Collect$$libinit$$00000019) for __rt_lib_init_atexit_1
    libinit.o(.ARM.Collect$$libinit$$00000000) refers (Special) to libinit2.o(.ARM.Collect$$libinit$$0000001F) for __rt_lib_init_clock_1
    libinit.o(.ARM.Collect$$libinit$$00000000) refers (Special) to libinit2.o(.ARM.Collect$$libinit$$00000030) for __rt_lib_init_cpp_1
    libinit.o(.ARM.Collect$$libinit$$00000000) refers (Special) to libinit2.o(.ARM.Collect$$libinit$$0000002E) for __rt_lib_init_exceptions_1
    libinit.o(.ARM.Collect$$libinit$$00000000) refers (Special) to libinit2.o(.ARM.Collect$$libinit$$00000002) for __rt_lib_init_fp_1
    libinit.o(.ARM.Collect$$libinit$$00000000) refers (Special) to libinit2.o(.ARM.Collect$$libinit$$0000001D) for __rt_lib_init_fp_trap_1
    libinit.o(.ARM.Collect$$libinit$$00000000) refers (Special) to libinit2.o(.ARM.Collect$$libinit$$00000021) for __rt_lib_init_getenv_1
    libinit.o(.ARM.Collect$$libinit$$00000000) refers (Special) to libinit2.o(.ARM.Collect$$libinit$$00000008) for __rt_lib_init_heap_1
    libinit.o(.ARM.Collect$$libinit$$00000000) refers (Special) to libinit2.o(.ARM.Collect$$libinit$$0000000F) for __rt_lib_init_lc_collate_1
    libinit.o(.ARM.Collect$$libinit$$00000000) refers (Special) to libinit2.o(.ARM.Collect$$libinit$$00000011) for __rt_lib_init_lc_ctype_1
    libinit.o(.ARM.Collect$$libinit$$00000000) refers (Special) to libinit2.o(.ARM.Collect$$libinit$$00000013) for __rt_lib_init_lc_monetary_1
    libinit.o(.ARM.Collect$$libinit$$00000000) refers (Special) to libinit2.o(.ARM.Collect$$libinit$$00000015) for __rt_lib_init_lc_numeric_1
    libinit.o(.ARM.Collect$$libinit$$00000000) refers (Special) to libinit2.o(.ARM.Collect$$libinit$$00000017) for __rt_lib_init_lc_time_1
    libinit.o(.ARM.Collect$$libinit$$00000000) refers (Special) to libinit2.o(.ARM.Collect$$libinit$$0000000C) for __rt_lib_init_rand_1
    libinit.o(.ARM.Collect$$libinit$$00000000) refers (Special) to libinit2.o(.ARM.Collect$$libinit$$00000031) for __rt_lib_init_return
    libinit.o(.ARM.Collect$$libinit$$00000000) refers (Special) to libinit2.o(.ARM.Collect$$libinit$$0000001B) for __rt_lib_init_signal_1
    libinit.o(.ARM.Collect$$libinit$$00000000) refers (Special) to libinit2.o(.ARM.Collect$$libinit$$00000023) for __rt_lib_init_stdio_1
    libinit.o(.ARM.Collect$$libinit$$00000000) refers (Special) to libinit2.o(.ARM.Collect$$libinit$$0000000A) for __rt_lib_init_user_alloc_1
    libspace.o(.text) refers to libspace.o(.bss) for __libspace_start
    rtexit.o(.ARM.Collect$$rtexit$$00000000) refers (Special) to rtexit2.o(.ARM.Collect$$rtexit$$00000004) for __rt_exit_exit
    rtexit.o(.ARM.Collect$$rtexit$$00000000) refers (Special) to rtexit2.o(.ARM.Collect$$rtexit$$00000003) for __rt_exit_ls
    rtexit.o(.ARM.Collect$$rtexit$$00000000) refers (Special) to rtexit2.o(.ARM.Collect$$rtexit$$00000002) for __rt_exit_prels_1
    rtexit.o(.ARM.exidx) refers (Special) to rtexit2.o(.ARM.Collect$$rtexit$$00000004) for __rt_exit_exit
    rtexit.o(.ARM.exidx) refers (Special) to rtexit2.o(.ARM.Collect$$rtexit$$00000003) for __rt_exit_ls
    rtexit.o(.ARM.exidx) refers (Special) to rtexit2.o(.ARM.Collect$$rtexit$$00000002) for __rt_exit_prels_1
    rtexit.o(.ARM.exidx) refers to rtexit.o(.ARM.Collect$$rtexit$$00000000) for .ARM.Collect$$rtexit$$00000000
    rt_raise.o(.text) refers to __raise.o(.text) for __raise
    rt_raise.o(.text) refers to sys_exit.o(.text) for _sys_exit
    defsig_exit.o(.text) refers to sys_exit.o(.text) for _sys_exit
    defsig_fpe_inner.o(.text) refers to defsig_general.o(.text) for __default_signal_display
    libinit2.o(.ARM.Collect$$libinit$$0000000E) refers to libinit2.o(.ARM.Collect$$libinit$$0000000D) for .ARM.Collect$$libinit$$0000000D
    libinit2.o(.ARM.Collect$$libinit$$00000010) refers to libinit2.o(.ARM.Collect$$libinit$$0000000D) for .ARM.Collect$$libinit$$0000000D
    libinit2.o(.ARM.Collect$$libinit$$00000012) refers to libinit2.o(.ARM.Collect$$libinit$$0000000D) for .ARM.Collect$$libinit$$0000000D
    libinit2.o(.ARM.Collect$$libinit$$00000014) refers to libinit2.o(.ARM.Collect$$libinit$$0000000D) for .ARM.Collect$$libinit$$0000000D
    libinit2.o(.ARM.Collect$$libinit$$00000016) refers to libinit2.o(.ARM.Collect$$libinit$$0000000D) for .ARM.Collect$$libinit$$0000000D
    libinit2.o(.ARM.Collect$$libinit$$00000024) refers to argv_veneer.o(.emb_text) for __ARM_argv_veneer
    libinit2.o(.ARM.Collect$$libinit$$00000025) refers to argv_veneer.o(.emb_text) for __ARM_argv_veneer
    sys_exit.o(.text) refers (Special) to use_no_semi.o(.text) for __I$use$semihosting
    sys_exit.o(.text) refers (Special) to indicate_semi.o(.text) for __semihosting_library_function
    rtexit2.o(.ARM.Collect$$rtexit$$00000003) refers to libshutdown.o(.ARM.Collect$$libshutdown$$00000000) for __rt_lib_shutdown
    rtexit2.o(.ARM.Collect$$rtexit$$00000004) refers to sys_exit.o(.text) for _sys_exit
    rtexit2.o(.ARM.exidx) refers to rtexit2.o(.ARM.Collect$$rtexit$$00000001) for .ARM.Collect$$rtexit$$00000001
    rtexit2.o(.ARM.exidx) refers to rtexit2.o(.ARM.Collect$$rtexit$$00000003) for .ARM.Collect$$rtexit$$00000003
    rtexit2.o(.ARM.exidx) refers to rtexit2.o(.ARM.Collect$$rtexit$$00000004) for .ARM.Collect$$rtexit$$00000004
    __raise.o(.text) refers to defsig.o(CL$$defsig) for __default_signal_handler
    defsig_general.o(.text) refers to sys_wrch.o(.text) for _ttywrch
    argv_veneer.o(.emb_text) refers to no_argv.o(.text) for __ARM_get_argv
    sys_wrch.o(.text) refers (Special) to use_no_semi.o(.text) for __I$use$semihosting
    sys_wrch.o(.text) refers (Special) to indicate_semi.o(.text) for __semihosting_library_function
    defsig.o(CL$$defsig) refers to defsig_fpe_inner.o(.text) for __rt_SIGFPE_inner
    defsig.o(CL$$defsig) refers to defsig_rtmem_inner.o(.text) for __rt_SIGRTMEM_inner
    _get_argv_nomalloc.o(.text) refers (Special) to hrguard.o(.text) for __heap_region$guard
    _get_argv_nomalloc.o(.text) refers to defsig_rtmem_outer.o(.text) for __rt_SIGRTMEM
    _get_argv_nomalloc.o(.text) refers to sys_command.o(.text) for _sys_command_string
    libshutdown.o(.ARM.Collect$$libshutdown$$00000000) refers (Special) to libshutdown2.o(.ARM.Collect$$libshutdown$$00000006) for __rt_lib_shutdown_fp_trap_1
    libshutdown.o(.ARM.Collect$$libshutdown$$00000000) refers (Special) to libshutdown2.o(.ARM.Collect$$libshutdown$$0000000E) for __rt_lib_shutdown_heap_1
    libshutdown.o(.ARM.Collect$$libshutdown$$00000000) refers (Special) to libshutdown2.o(.ARM.Collect$$libshutdown$$0000000F) for __rt_lib_shutdown_return
    libshutdown.o(.ARM.Collect$$libshutdown$$00000000) refers (Special) to libshutdown2.o(.ARM.Collect$$libshutdown$$00000009) for __rt_lib_shutdown_signal_1
    libshutdown.o(.ARM.Collect$$libshutdown$$00000000) refers (Special) to libshutdown2.o(.ARM.Collect$$libshutdown$$00000003) for __rt_lib_shutdown_stdio_1
    libshutdown.o(.ARM.Collect$$libshutdown$$00000000) refers (Special) to libshutdown2.o(.ARM.Collect$$libshutdown$$0000000B) for __rt_lib_shutdown_user_alloc_1
    sys_command.o(.text) refers (Special) to use_no_semi.o(.text) for __I$use$semihosting
    sys_command.o(.text) refers (Special) to indicate_semi.o(.text) for __semihosting_library_function
    defsig_abrt_inner.o(.text) refers to defsig_general.o(.text) for __default_signal_display
    defsig_rtred_inner.o(.text) refers to defsig_general.o(.text) for __default_signal_display
    defsig_rtmem_inner.o(.text) refers to defsig_general.o(.text) for __default_signal_display
    defsig_rtmem_outer.o(.text) refers to defsig_rtmem_inner.o(.text) for __rt_SIGRTMEM_inner
    defsig_rtmem_outer.o(.text) refers to defsig_exit.o(.text) for __sig_exit
    defsig_rtmem_formal.o(.text) refers to rt_raise.o(.text) for __rt_raise
    defsig_stak_inner.o(.text) refers to defsig_general.o(.text) for __default_signal_display
    defsig_pvfn_inner.o(.text) refers to defsig_general.o(.text) for __default_signal_display
    defsig_cppl_inner.o(.text) refers to defsig_general.o(.text) for __default_signal_display
    defsig_segv_inner.o(.text) refers to defsig_general.o(.text) for __default_signal_display
    defsig_other.o(.text) refers to defsig_general.o(.text) for __default_signal_display


==============================================================================

Removing Unused input sections from the image.

    Removing glcd_spi_lpc1700.o(.rev16_text), (4 bytes).
    Removing glcd_spi_lpc1700.o(.revsh_text), (4 bytes).
    Removing blinky.o(.bss), (10 bytes).
    Removing kbd.o(.rev16_text), (4 bytes).
    Removing kbd.o(.revsh_text), (4 bytes).
    Removing kbd.o(.data), (4 bytes).

6 unused section(s) (total 30 bytes) removed from the image.

==============================================================================

Memory Map of the image

  Image Entry point : 0x00000000

  Load Region LR_IROM1 (Base: 0x00000000, Size: 0x0000481c, Max: 0x00080000, ABSOLUTE)

    Execution Region ER_IROM1 (Base: 0x00000000, Size: 0x000047d0, Max: 0x00080000, ABSOLUTE)

    Base Addr    Size         Type   Attr      Idx    E Section Name        Object

    0x00000000   0x000000cc   Data   RO            3    RESET               startup_lpc17xx.o
    0x000000cc   0x00000008   Code   RO          223  * !!!main             c_w.l(__main.o)
    0x000000d4   0x00000002   Code   RO          260    .ARM.Collect$$libinit$$00000000  c_w.l(libinit.o)
    0x000000d6   0x00000000   Code   RO          273    .ARM.Collect$$libinit$$00000002  c_w.l(libinit2.o)
    0x000000d6   0x00000000   Code   RO          276    .ARM.Collect$$libinit$$00000008  c_w.l(libinit2.o)
    0x000000d6   0x00000000   Code   RO          278    .ARM.Collect$$libinit$$0000000A  c_w.l(libinit2.o)
    0x000000d6   0x00000000   Code   RO          280    .ARM.Collect$$libinit$$0000000C  c_w.l(libinit2.o)
    0x000000d6   0x00000000   Code   RO          283    .ARM.Collect$$libinit$$0000000F  c_w.l(libinit2.o)
    0x000000d6   0x00000000   Code   RO          285    .ARM.Collect$$libinit$$00000011  c_w.l(libinit2.o)
    0x000000d6   0x00000000   Code   RO          287    .ARM.Collect$$libinit$$00000013  c_w.l(libinit2.o)
    0x000000d6   0x00000000   Code   RO          289    .ARM.Collect$$libinit$$00000015  c_w.l(libinit2.o)
    0x000000d6   0x00000000   Code   RO          291    .ARM.Collect$$libinit$$00000017  c_w.l(libinit2.o)
    0x000000d6   0x00000000   Code   RO          293    .ARM.Collect$$libinit$$00000019  c_w.l(libinit2.o)
    0x000000d6   0x00000000   Code   RO          295    .ARM.Collect$$libinit$$0000001B  c_w.l(libinit2.o)
    0x000000d6   0x00000000   Code   RO          297    .ARM.Collect$$libinit$$0000001D  c_w.l(libinit2.o)
    0x000000d6   0x00000000   Code   RO          299    .ARM.Collect$$libinit$$0000001F  c_w.l(libinit2.o)
    0x000000d6   0x00000000   Code   RO          301    .ARM.Collect$$libinit$$00000021  c_w.l(libinit2.o)
    0x000000d6   0x00000000   Code   RO          303    .ARM.Collect$$libinit$$00000023  c_w.l(libinit2.o)
    0x000000d6   0x00000000   Code   RO          307    .ARM.Collect$$libinit$$0000002A  c_w.l(libinit2.o)
    0x000000d6   0x00000000   Code   RO          309    .ARM.Collect$$libinit$$0000002C  c_w.l(libinit2.o)
    0x000000d6   0x00000000   Code   RO          311    .ARM.Collect$$libinit$$0000002E  c_w.l(libinit2.o)
    0x000000d6   0x00000000   Code   RO          313    .ARM.Collect$$libinit$$00000030  c_w.l(libinit2.o)
    0x000000d6   0x00000002   Code   RO          314    .ARM.Collect$$libinit$$00000031  c_w.l(libinit2.o)
    0x000000d8   0x00000002   Code   RO          345    .ARM.Collect$$libshutdown$$00000000  c_w.l(libshutdown.o)
    0x000000da   0x00000000   Code   RO          372    .ARM.Collect$$libshutdown$$00000003  c_w.l(libshutdown2.o)
    0x000000da   0x00000000   Code   RO          375    .ARM.Collect$$libshutdown$$00000006  c_w.l(libshutdown2.o)
    0x000000da   0x00000000   Code   RO          378    .ARM.Collect$$libshutdown$$00000009  c_w.l(libshutdown2.o)
    0x000000da   0x00000000   Code   RO          380    .ARM.Collect$$libshutdown$$0000000B  c_w.l(libshutdown2.o)
    0x000000da   0x00000000   Code   RO          383    .ARM.Collect$$libshutdown$$0000000E  c_w.l(libshutdown2.o)
    0x000000da   0x00000002   Code   RO          384    .ARM.Collect$$libshutdown$$0000000F  c_w.l(libshutdown2.o)
    0x000000dc   0x00000000   Code   RO          225    .ARM.Collect$$rtentry$$00000000  c_w.l(rtentry.o)
    0x000000dc   0x00000000   Code   RO          231    .ARM.Collect$$rtentry$$00000002  c_w.l(rtentry2.o)
    0x000000dc   0x00000006   Code   RO          243    .ARM.Collect$$rtentry$$00000004  c_w.l(rtentry4.o)
    0x000000e2   0x00000000   Code   RO          233    .ARM.Collect$$rtentry$$00000009  c_w.l(rtentry2.o)
    0x000000e2   0x00000004   Code   RO          234    .ARM.Collect$$rtentry$$0000000A  c_w.l(rtentry2.o)
    0x000000e6   0x00000000   Code   RO          236    .ARM.Collect$$rtentry$$0000000C  c_w.l(rtentry2.o)
    0x000000e6   0x00000008   Code   RO          237    .ARM.Collect$$rtentry$$0000000D  c_w.l(rtentry2.o)
    0x000000ee   0x00000002   Code   RO          264    .ARM.Collect$$rtexit$$00000000  c_w.l(rtexit.o)
    0x000000f0   0x00000000   Code   RO          318    .ARM.Collect$$rtexit$$00000002  c_w.l(rtexit2.o)
    0x000000f0   0x00000004   Code   RO          319    .ARM.Collect$$rtexit$$00000003  c_w.l(rtexit2.o)
    0x000000f4   0x00000006   Code   RO          320    .ARM.Collect$$rtexit$$00000004  c_w.l(rtexit2.o)
    0x000000fa   0x00000002   PAD
    0x000000fc   0x0000003c   Code   RO            5    .text               startup_lpc17xx.o
    0x00000138   0x000000ac   Code   RO           41    .text               led.o
    0x000001e4   0x00000074   Code   RO           69    .text               irq.o
    0x00000258   0x00000060   Code   RO          186    .text               kbd.o
    0x000002b8   0x00000006   Code   RO          221    .text               c_w.l(heapauxi.o)
    0x000002be   0x0000000c   Code   RO          249    .text               c_w.l(exit.o)
    0x000002ca   0x00000002   PAD
    0x000002cc   0x00000008   Code   RO          261    .text               c_w.l(libspace.o)
    0x000002d4   0x0000000c   Code   RO          315    .text               c_w.l(sys_exit.o)
    0x000002e0   0x00000002   Code   RO          334    .text               c_w.l(use_no_semi.o)
    0x000002e2   0x00000000   Code   RO          336    .text               c_w.l(indicate_semi.o)
    0x000002e2   0x00000002   PAD
    0x000002e4   0x00000000   Data   RO          385    Region$$Table       anon$$obj.o
    0x000002e4   0x00000018   PAD
    0x000002fc   0x00000004   Code   RO            4    .ARM.__at_0x02FC    startup_lpc17xx.o
    0x00000300   0x00000460   Code   RO           13    .text               system_lpc17xx.o
    0x00000760   0x00000ba4   Code   RO           90    .text               glcd_spi_lpc1700.o
    0x00001304   0x00001a2c   Code   RO          138    .text               blinky.o
    0x00002d30   0x000000c8   Code   RO          163    .text               adc.o
    0x00002df8   0x000000ee   Code   RO          219    .text               c_w.l(lludivv7m.o)
    0x00002ee6   0x0000004a   Code   RO          247    .text               c_w.l(sys_stackheap_outer.o)
    0x00002f30   0x00000020   Data   RO           42    .constdata          led.o
    0x00002f50   0x00001880   Data   RO           91    .constdata          glcd_spi_lpc1700.o


    Execution Region RW_IRAM1 (Base: 0x10000000, Size: 0x000002b0, Max: 0x00008000, ABSOLUTE)

    Base Addr    Size         Type   Attr      Idx    E Section Name        Object

    0x10000000   0x00000008   Data   RW           14    .data               system_lpc17xx.o
    0x10000008   0x0000000d   Data   RW           70    .data               irq.o
    0x10000015   0x00000001   PAD
    0x10000016   0x00000005   Data   RW           92    .data               glcd_spi_lpc1700.o
    0x1000001b   0x00000001   PAD
    0x1000001c   0x0000002a   Data   RW          140    .data               blinky.o
    0x10000046   0x00000004   Data   RW          164    .data               adc.o
    0x1000004a   0x00000002   PAD
    0x1000004c   0x00000060   Zero   RW          262    .bss                c_w.l(libspace.o)
    0x100000ac   0x00000004   PAD
    0x100000b0   0x00000000   Zero   RW            2    HEAP                startup_lpc17xx.o
    0x100000b0   0x00000200   Zero   RW            1    STACK               startup_lpc17xx.o

