ARM Linker, 5.03 [Build 76] [MDK-ARM Professional]

==============================================================================

Section Cross References

    startup_lpc17xx.o(STACK) refers (Special) to heapauxi.o(.text) for __use_two_region_memory
    startup_lpc17xx.o(HEAP) refers (Special) to heapauxi.o(.text) for __use_two_region_memory
    startup_lpc17xx.o(RESET) refers (Special) to heapauxi.o(.text) for __use_two_region_memory
    startup_lpc17xx.o(RESET) refers to startup_lpc17xx.o(STACK) for __initial_sp
    startup_lpc17xx.o(RESET) refers to startup_lpc17xx.o(.text) for Reset_Handler
    startup_lpc17xx.o(RESET) refers to irq.o(.text) for SysTick_Handler
    startup_lpc17xx.o(RESET) refers to usbdmain.o(.text) for TIMER0_IRQHandler
    startup_lpc17xx.o(RESET) refers to usbhw.o(.text) for USB_IRQHandler
    startup_lpc17xx.o(.ARM.__at_0x02FC) refers (Special) to heapauxi.o(.text) for __use_two_region_memory
    startup_lpc17xx.o(.text) refers (Special) to heapauxi.o(.text) for __use_two_region_memory
    startup_lpc17xx.o(.text) refers to system_lpc17xx.o(.text) for SystemInit
    startup_lpc17xx.o(.text) refers to __main.o(!!!main) for __main
    startup_lpc17xx.o(.text) refers to startup_lpc17xx.o(HEAP) for Heap_Mem
    startup_lpc17xx.o(.text) refers to startup_lpc17xx.o(STACK) for Stack_Mem
    adc.o(.text) refers to adc.o(.data) for AD_last
    adcuser.o(.text) refers to usbcore.o(.data) for SetupPacket
    adcuser.o(.text) refers to usbdmain.o(.data) for Mute
    adcuser.o(.text) refers to usbcore.o(.bss) for EP0Buf
    adcuser.o(.text) refers to adcuser.o(.data) for VolCur
    blinky.o(.text) refers to glcd_spi_lpc1700.o(.text) for GLCD_Clear
    blinky.o(.text) refers to usbdmain.o(.text) for mp3player
    blinky.o(.text) refers to kbd.o(.text) for get_button
    blinky.o(.text) refers to led.o(.text) for LED_Init
    blinky.o(.text) refers to adc.o(.text) for ADC_Init
    blinky.o(.text) refers to blinky.o(.data) for musicOn
    blinky.o(.text) refers to nike.o(.constdata) for nike
    blinky.o(.text) refers to ball..o(.constdata) for ball
    blinky.o(.text) refers to logo.o(.constdata) for logo
    glcd_spi_lpc1700.o(.text) refers to glcd_spi_lpc1700.o(.data) for Himax
    glcd_spi_lpc1700.o(.text) refers to glcd_spi_lpc1700.o(.constdata) for Font_6x8_h
    irq.o(.text) refers to led.o(.text) for LED_Out
    irq.o(.text) refers to adc.o(.text) for ADC_StartCnv
    irq.o(.text) refers to irq.o(.data) for ticks
    irq.o(.text) refers to adc.o(.data) for AD_last
    led.o(.text) refers to led.o(.constdata) for led_mask
    system_lpc17xx.o(.text) refers to lludivv7m.o(.text) for __aeabi_uldivmod
    system_lpc17xx.o(.text) refers to system_lpc17xx.o(.data) for SystemCoreClock
    usbcore.o(.text) refers to usbhw.o(.text) for USB_ReadEP
    usbcore.o(.text) refers to usbcore.o(i.USB_ReqGetStatus) for USB_ReqGetStatus
    usbcore.o(.text) refers to usbcore.o(i.USB_ReqSetClrFeature) for USB_ReqSetClrFeature
    usbcore.o(.text) refers to usbcore.o(i.USB_ReqGetDescriptor) for USB_ReqGetDescriptor
    usbcore.o(.text) refers to usbcore.o(i.USB_ReqSetConfiguration) for USB_ReqSetConfiguration
    usbcore.o(.text) refers to usbcore.o(i.USB_ReqSetInterface) for USB_ReqSetInterface
    usbcore.o(.text) refers to adcuser.o(.text) for ADC_IF_GetRequest
    usbcore.o(.text) refers to usbcore.o(.data) for USB_DeviceStatus
    usbcore.o(.text) refers to usbcore.o(.bss) for EP0Buf
    usbdmain.o(.text) refers to system_lpc17xx.o(.text) for SystemClockUpdate
    usbdmain.o(.text) refers to usbhw.o(.text) for USB_Init
    usbdmain.o(.text) refers to kbd.o(.text) for get_button
    usbdmain.o(.text) refers to usbdmain.o(.data) for PotVal
    usbdmain.o(.text) refers to adcuser.o(.data) for VolCur
    usbdmain.o(.text) refers to system_lpc17xx.o(.data) for SystemFrequency
    usbhw.o(.text) refers to usbhw.o(.data) for DDMemMap
    usbhw.o(.text) refers to usbhw.o(.bss) for udca
    usbhw.o(.text) refers to usbhw.o(USB_RAM) for UDCA
    usbhw.o(.text) refers to usbcore.o(.data) for USB_DeviceStatus
    usbhw.o(.text) refers to usbuser.o(.text) for USB_Reset_Event
    usbhw.o(.text) refers to usbhw.o(.constdata) for DDAdr
    usbhw.o(.text) refers to usbuser.o(.constdata) for USB_P_EP
    usbuser.o(.text) refers to usbcore.o(.text) for USB_ResetCore
    usbuser.o(.text) refers to usbhw.o(.text) for USB_DMA_BufAdr
    usbuser.o(.text) refers to usbdmain.o(.data) for DataBuf
    usbuser.o(.constdata) refers to usbcore.o(.text) for USB_EndPoint0
    usbuser.o(.constdata) refers to usbuser.o(.text) for USB_EndPoint3
    __main.o(!!!main) refers to rtentry.o(.ARM.Collect$$rtentry$$00000000) for __rt_entry
    rtentry.o(.ARM.Collect$$rtentry$$00000000) refers (Special) to rtentry2.o(.ARM.Collect$$rtentry$$0000000A) for __rt_entry_li
    rtentry.o(.ARM.Collect$$rtentry$$00000000) refers (Special) to rtentry2.o(.ARM.Collect$$rtentry$$0000000D) for __rt_entry_main
    rtentry.o(.ARM.Collect$$rtentry$$00000000) refers (Special) to rtentry2.o(.ARM.Collect$$rtentry$$0000000C) for __rt_entry_postli_1
    rtentry.o(.ARM.Collect$$rtentry$$00000000) refers (Special) to rtentry2.o(.ARM.Collect$$rtentry$$00000009) for __rt_entry_postsh_1
    rtentry.o(.ARM.Collect$$rtentry$$00000000) refers (Special) to rtentry2.o(.ARM.Collect$$rtentry$$00000002) for __rt_entry_presh_1
    rtentry.o(.ARM.Collect$$rtentry$$00000000) refers (Special) to rtentry4.o(.ARM.Collect$$rtentry$$00000004) for __rt_entry_sh
    aeabi_ldiv0_sigfpe.o(.text) refers to rt_div0.o(.text) for __rt_div0
    rtentry2.o(.ARM.Collect$$rtentry$$00000008) refers to boardinit2.o(.text) for _platform_post_stackheap_init
    rtentry2.o(.ARM.Collect$$rtentry$$0000000A) refers to libinit.o(.ARM.Collect$$libinit$$00000000) for __rt_lib_init
    rtentry2.o(.ARM.Collect$$rtentry$$0000000B) refers to boardinit3.o(.text) for _platform_post_lib_init
    rtentry2.o(.ARM.Collect$$rtentry$$0000000D) refers to blinky.o(.text) for main
    rtentry2.o(.ARM.Collect$$rtentry$$0000000D) refers to exit.o(.text) for exit
    rtentry2.o(.ARM.exidx) refers to rtentry2.o(.ARM.Collect$$rtentry$$00000001) for .ARM.Collect$$rtentry$$00000001
    rtentry2.o(.ARM.exidx) refers to rtentry2.o(.ARM.Collect$$rtentry$$00000008) for .ARM.Collect$$rtentry$$00000008
    rtentry2.o(.ARM.exidx) refers to rtentry2.o(.ARM.Collect$$rtentry$$0000000A) for .ARM.Collect$$rtentry$$0000000A
    rtentry2.o(.ARM.exidx) refers to rtentry2.o(.ARM.Collect$$rtentry$$0000000B) for .ARM.Collect$$rtentry$$0000000B
    rtentry2.o(.ARM.exidx) refers to rtentry2.o(.ARM.Collect$$rtentry$$0000000D) for .ARM.Collect$$rtentry$$0000000D
    rtentry4.o(.ARM.Collect$$rtentry$$00000004) refers to sys_stackheap_outer.o(.text) for __user_setup_stackheap
    rtentry4.o(.ARM.exidx) refers to rtentry4.o(.ARM.Collect$$rtentry$$00000004) for .ARM.Collect$$rtentry$$00000004
    rt_div0.o(.text) refers to defsig_fpe_outer.o(.text) for __rt_SIGFPE
    sys_stackheap_outer.o(.text) refers to libspace.o(.text) for __user_perproc_libspace
    sys_stackheap_outer.o(.text) refers to startup_lpc17xx.o(.text) for __user_initial_stackheap
    exit.o(.text) refers to rtexit.o(.ARM.Collect$$rtexit$$00000000) for __rt_exit
    defsig_fpe_outer.o(.text) refers to defsig_fpe_inner.o(.text) for __rt_SIGFPE_inner
    defsig_fpe_outer.o(.text) refers to defsig_exit.o(.text) for __sig_exit
    defsig_fpe_formal.o(.text) refers to rt_raise.o(.text) for __rt_raise
    libinit.o(.ARM.Collect$$libinit$$00000000) refers (Special) to libinit2.o(.ARM.Collect$$libinit$$0000002C) for __rt_lib_init_alloca_1
    libinit.o(.ARM.Collect$$libinit$$00000000) refers (Special) to libinit2.o(.ARM.Collect$$libinit$$0000002A) for __rt_lib_init_argv_1
    libinit.o(.ARM.Collect$$libinit$$00000000) refers (Special) to libinit2.o(.ARM.Collect$$libinit$$00000019) for __rt_lib_init_atexit_1
    libinit.o(.ARM.Collect$$libinit$$00000000) refers (Special) to libinit2.o(.ARM.Collect$$libinit$$0000001F) for __rt_lib_init_clock_1
    libinit.o(.ARM.Collect$$libinit$$00000000) refers (Special) to libinit2.o(.ARM.Collect$$libinit$$00000030) for __rt_lib_init_cpp_1
    libinit.o(.ARM.Collect$$libinit$$00000000) refers (Special) to libinit2.o(.ARM.Collect$$libinit$$0000002E) for __rt_lib_init_exceptions_1
    libinit.o(.ARM.Collect$$libinit$$00000000) refers (Special) to libinit2.o(.ARM.Collect$$libinit$$00000002) for __rt_lib_init_fp_1
    libinit.o(.ARM.Collect$$libinit$$00000000) refers (Special) to libinit2.o(.ARM.Collect$$libinit$$0000001D) for __rt_lib_init_fp_trap_1
    libinit.o(.ARM.Collect$$libinit$$00000000) refers (Special) to libinit2.o(.ARM.Collect$$libinit$$00000021) for __rt_lib_init_getenv_1
    libinit.o(.ARM.Collect$$libinit$$00000000) refers (Special) to libinit2.o(.ARM.Collect$$libinit$$00000008) for __rt_lib_init_heap_1
    libinit.o(.ARM.Collect$$libinit$$00000000) refers (Special) to libinit2.o(.ARM.Collect$$libinit$$0000000F) for __rt_lib_init_lc_collate_1
    libinit.o(.ARM.Collect$$libinit$$00000000) refers (Special) to libinit2.o(.ARM.Collect$$libinit$$00000011) for __rt_lib_init_lc_ctype_1
    libinit.o(.ARM.Collect$$libinit$$00000000) refers (Special) to libinit2.o(.ARM.Collect$$libinit$$00000013) for __rt_lib_init_lc_monetary_1
    libinit.o(.ARM.Collect$$libinit$$00000000) refers (Special) to libinit2.o(.ARM.Collect$$libinit$$00000015) for __rt_lib_init_lc_numeric_1
    libinit.o(.ARM.Collect$$libinit$$00000000) refers (Special) to libinit2.o(.ARM.Collect$$libinit$$00000017) for __rt_lib_init_lc_time_1
    libinit.o(.ARM.Collect$$libinit$$00000000) refers (Special) to libinit2.o(.ARM.Collect$$libinit$$0000000C) for __rt_lib_init_rand_1
    libinit.o(.ARM.Collect$$libinit$$00000000) refers (Special) to libinit2.o(.ARM.Collect$$libinit$$00000031) for __rt_lib_init_return
    libinit.o(.ARM.Collect$$libinit$$00000000) refers (Special) to libinit2.o(.ARM.Collect$$libinit$$0000001B) for __rt_lib_init_signal_1
    libinit.o(.ARM.Collect$$libinit$$00000000) refers (Special) to libinit2.o(.ARM.Collect$$libinit$$00000023) for __rt_lib_init_stdio_1
    libinit.o(.ARM.Collect$$libinit$$00000000) refers (Special) to libinit2.o(.ARM.Collect$$libinit$$0000000A) for __rt_lib_init_user_alloc_1
    libspace.o(.text) refers to libspace.o(.bss) for __libspace_start
    rtexit.o(.ARM.Collect$$rtexit$$00000000) refers (Special) to rtexit2.o(.ARM.Collect$$rtexit$$00000004) for __rt_exit_exit
    rtexit.o(.ARM.Collect$$rtexit$$00000000) refers (Special) to rtexit2.o(.ARM.Collect$$rtexit$$00000003) for __rt_exit_ls
    rtexit.o(.ARM.Collect$$rtexit$$00000000) refers (Special) to rtexit2.o(.ARM.Collect$$rtexit$$00000002) for __rt_exit_prels_1
    rtexit.o(.ARM.exidx) refers (Special) to rtexit2.o(.ARM.Collect$$rtexit$$00000004) for __rt_exit_exit
    rtexit.o(.ARM.exidx) refers (Special) to rtexit2.o(.ARM.Collect$$rtexit$$00000003) for __rt_exit_ls
    rtexit.o(.ARM.exidx) refers (Special) to rtexit2.o(.ARM.Collect$$rtexit$$00000002) for __rt_exit_prels_1
    rtexit.o(.ARM.exidx) refers to rtexit.o(.ARM.Collect$$rtexit$$00000000) for .ARM.Collect$$rtexit$$00000000
    rt_raise.o(.text) refers to __raise.o(.text) for __raise
    rt_raise.o(.text) refers to sys_exit.o(.text) for _sys_exit
    defsig_exit.o(.text) refers to sys_exit.o(.text) for _sys_exit
    defsig_fpe_inner.o(.text) refers to defsig_general.o(.text) for __default_signal_display
    libinit2.o(.ARM.Collect$$libinit$$0000000E) refers to libinit2.o(.ARM.Collect$$libinit$$0000000D) for .ARM.Collect$$libinit$$0000000D
    libinit2.o(.ARM.Collect$$libinit$$00000010) refers to libinit2.o(.ARM.Collect$$libinit$$0000000D) for .ARM.Collect$$libinit$$0000000D
    libinit2.o(.ARM.Collect$$libinit$$00000012) refers to libinit2.o(.ARM.Collect$$libinit$$0000000D) for .ARM.Collect$$libinit$$0000000D
    libinit2.o(.ARM.Collect$$libinit$$00000014) refers to libinit2.o(.ARM.Collect$$libinit$$0000000D) for .ARM.Collect$$libinit$$0000000D
    libinit2.o(.ARM.Collect$$libinit$$00000016) refers to libinit2.o(.ARM.Collect$$libinit$$0000000D) for .ARM.Collect$$libinit$$0000000D
    libinit2.o(.ARM.Collect$$libinit$$00000024) refers to argv_veneer.o(.emb_text) for __ARM_argv_veneer
    libinit2.o(.ARM.Collect$$libinit$$00000025) refers to argv_veneer.o(.emb_text) for __ARM_argv_veneer
    sys_exit.o(.text) refers (Special) to use_no_semi.o(.text) for __I$use$semihosting
    sys_exit.o(.text) refers (Special) to indicate_semi.o(.text) for __semihosting_library_function
    rtexit2.o(.ARM.Collect$$rtexit$$00000003) refers to libshutdown.o(.ARM.Collect$$libshutdown$$00000000) for __rt_lib_shutdown
    rtexit2.o(.ARM.Collect$$rtexit$$00000004) refers to sys_exit.o(.text) for _sys_exit
    rtexit2.o(.ARM.exidx) refers to rtexit2.o(.ARM.Collect$$rtexit$$00000001) for .ARM.Collect$$rtexit$$00000001
    rtexit2.o(.ARM.exidx) refers to rtexit2.o(.ARM.Collect$$rtexit$$00000003) for .ARM.Collect$$rtexit$$00000003
    rtexit2.o(.ARM.exidx) refers to rtexit2.o(.ARM.Collect$$rtexit$$00000004) for .ARM.Collect$$rtexit$$00000004
    __raise.o(.text) refers to defsig.o(CL$$defsig) for __default_signal_handler
    defsig_general.o(.text) refers to sys_wrch.o(.text) for _ttywrch
    argv_veneer.o(.emb_text) refers to no_argv.o(.text) for __ARM_get_argv
    sys_wrch.o(.text) refers (Special) to use_no_semi.o(.text) for __I$use$semihosting
    sys_wrch.o(.text) refers (Special) to indicate_semi.o(.text) for __semihosting_library_function
    defsig.o(CL$$defsig) refers to defsig_fpe_inner.o(.text) for __rt_SIGFPE_inner
    defsig.o(CL$$defsig) refers to defsig_rtmem_inner.o(.text) for __rt_SIGRTMEM_inner
    _get_argv_nomalloc.o(.text) refers (Special) to hrguard.o(.text) for __heap_region$guard
    _get_argv_nomalloc.o(.text) refers to defsig_rtmem_outer.o(.text) for __rt_SIGRTMEM
    _get_argv_nomalloc.o(.text) refers to sys_command.o(.text) for _sys_command_string
    libshutdown.o(.ARM.Collect$$libshutdown$$00000000) refers (Special) to libshutdown2.o(.ARM.Collect$$libshutdown$$00000006) for __rt_lib_shutdown_fp_trap_1
    libshutdown.o(.ARM.Collect$$libshutdown$$00000000) refers (Special) to libshutdown2.o(.ARM.Collect$$libshutdown$$0000000E) for __rt_lib_shutdown_heap_1
    libshutdown.o(.ARM.Collect$$libshutdown$$00000000) refers (Special) to libshutdown2.o(.ARM.Collect$$libshutdown$$0000000F) for __rt_lib_shutdown_return
    libshutdown.o(.ARM.Collect$$libshutdown$$00000000) refers (Special) to libshutdown2.o(.ARM.Collect$$libshutdown$$00000009) for __rt_lib_shutdown_signal_1
    libshutdown.o(.ARM.Collect$$libshutdown$$00000000) refers (Special) to libshutdown2.o(.ARM.Collect$$libshutdown$$00000003) for __rt_lib_shutdown_stdio_1
    libshutdown.o(.ARM.Collect$$libshutdown$$00000000) refers (Special) to libshutdown2.o(.ARM.Collect$$libshutdown$$0000000B) for __rt_lib_shutdown_user_alloc_1
    sys_command.o(.text) refers (Special) to use_no_semi.o(.text) for __I$use$semihosting
    sys_command.o(.text) refers (Special) to indicate_semi.o(.text) for __semihosting_library_function
    defsig_abrt_inner.o(.text) refers to defsig_general.o(.text) for __default_signal_display
    defsig_rtred_inner.o(.text) refers to defsig_general.o(.text) for __default_signal_display
    defsig_rtmem_inner.o(.text) refers to defsig_general.o(.text) for __default_signal_display
    defsig_rtmem_outer.o(.text) refers to defsig_rtmem_inner.o(.text) for __rt_SIGRTMEM_inner
    defsig_rtmem_outer.o(.text) refers to defsig_exit.o(.text) for __sig_exit
    defsig_rtmem_formal.o(.text) refers to rt_raise.o(.text) for __rt_raise
    defsig_stak_inner.o(.text) refers to defsig_general.o(.text) for __default_signal_display
    defsig_pvfn_inner.o(.text) refers to defsig_general.o(.text) for __default_signal_display
    defsig_cppl_inner.o(.text) refers to defsig_general.o(.text) for __default_signal_display
    defsig_segv_inner.o(.text) refers to defsig_general.o(.text) for __default_signal_display
    defsig_other.o(.text) refers to defsig_general.o(.text) for __default_signal_display
    usbcore.o(i.USB_ReqGetStatus) refers to usbcore.o(.data) for SetupPacket
    usbcore.o(i.USB_ReqGetStatus) refers to usbcore.o(.bss) for EP0Buf
    usbcore.o(i.USB_ReqSetClrFeature) refers to usbhw.o(.text) for USB_WakeUpCfg
    usbcore.o(i.USB_ReqSetClrFeature) refers to usbcore.o(.data) for SetupPacket
    usbcore.o(i.USB_ReqGetDescriptor) refers to usbcore.o(.data) for SetupPacket
    usbcore.o(i.USB_ReqGetDescriptor) refers to usbdesc.o(.constdata) for USB_DeviceDescriptor
    usbcore.o(i.USB_ReqSetConfiguration) refers to usbhw.o(.text) for USB_DisableEP
    usbcore.o(i.USB_ReqSetConfiguration) refers to usbcore.o(.data) for SetupPacket
    usbcore.o(i.USB_ReqSetConfiguration) refers to usbdesc.o(.constdata) for USB_ConfigDescriptor
    usbcore.o(i.USB_ReqSetInterface) refers to usbhw.o(.text) for USB_ConfigEP
    usbcore.o(i.USB_ReqSetInterface) refers to usbcore.o(.data) for SetupPacket
    usbcore.o(i.USB_ReqSetInterface) refers to usbdesc.o(.constdata) for USB_ConfigDescriptor


==============================================================================

Removing Unused input sections from the image.

    Removing adcuser.o(.constdata), (6 bytes).
    Removing blinky.o(.bss), (10 bytes).
    Removing core_cm3.o(.emb_text), (32 bytes).
    Removing kbd.o(.data), (4 bytes).

4 unused section(s) (total 52 bytes) removed from the image.

==============================================================================

Image Symbol Table

    Local Symbols

    Symbol Name                              Value     Ov Type        Size  Object(Section)

    RESET                                    0x00000000   Section      204  startup_lpc17xx.o(RESET)
    ../clib/angel/boardlib.s                 0x00000000   Number         0  boardinit2.o ABSOLUTE
    ../clib/angel/boardlib.s                 0x00000000   Number         0  boardinit3.o ABSOLUTE
    ../clib/angel/boardlib.s                 0x00000000   Number         0  boardinit1.o ABSOLUTE
    ../clib/angel/boardlib.s                 0x00000000   Number         0  boardshut.o ABSOLUTE
    ../clib/angel/handlers.s                 0x00000000   Number         0  __scatter_copy.o ABSOLUTE
    ../clib/angel/handlers.s                 0x00000000   Number         0  __scatter_zi.o ABSOLUTE
    ../clib/angel/kernel.s                   0x00000000   Number         0  rtentry2.o ABSOLUTE
    ../clib/angel/kernel.s                   0x00000000   Number         0  rtentry.o ABSOLUTE
    ../clib/angel/kernel.s                   0x00000000   Number         0  rtentry4.o ABSOLUTE
    ../clib/angel/kernel.s                   0x00000000   Number         0  rtexit2.o ABSOLUTE
    ../clib/angel/kernel.s                   0x00000000   Number         0  rtexit.o ABSOLUTE
    ../clib/angel/rt.s                       0x00000000   Number         0  aeabi_ldiv0_sigfpe.o ABSOLUTE
    ../clib/angel/rt.s                       0x00000000   Number         0  aeabi_ldiv0.o ABSOLUTE
    ../clib/angel/rt.s                       0x00000000   Number         0  rt_raise.o ABSOLUTE
    ../clib/angel/rt.s                       0x00000000   Number         0  rt_div0.o ABSOLUTE
    ../clib/angel/scatter.s                  0x00000000   Number         0  __scatter.o ABSOLUTE
    ../clib/angel/startup.s                  0x00000000   Number         0  __main.o ABSOLUTE
    ../clib/angel/sys.s                      0x00000000   Number         0  sys_stackheap_outer.o ABSOLUTE
    ../clib/angel/sys.s                      0x00000000   Number         0  indicate_semi.o ABSOLUTE
    ../clib/angel/sys.s                      0x00000000   Number         0  use_no_semi.o ABSOLUTE
    ../clib/angel/sys.s                      0x00000000   Number         0  libspace.o ABSOLUTE
    ../clib/angel/sysapp.c                   0x00000000   Number         0  sys_wrch.o ABSOLUTE
    ../clib/angel/sysapp.c                   0x00000000   Number         0  sys_exit.o ABSOLUTE
    ../clib/angel/sysapp.c                   0x00000000   Number         0  sys_command.o ABSOLUTE
    ../clib/armsys.c                         0x00000000   Number         0  _get_argv_nomalloc.o ABSOLUTE
    ../clib/armsys.c                         0x00000000   Number         0  argv_veneer.o ABSOLUTE
    ../clib/armsys.c                         0x00000000   Number         0  argv_veneer.o ABSOLUTE
    ../clib/armsys.c                         0x00000000   Number         0  no_argv.o ABSOLUTE
    ../clib/heapalloc.c                      0x00000000   Number         0  hrguard.o ABSOLUTE
    ../clib/heapaux.c                        0x00000000   Number         0  heapauxi.o ABSOLUTE
    ../clib/libinit.s                        0x00000000   Number         0  libinit.o ABSOLUTE
    ../clib/libinit.s                        0x00000000   Number         0  libshutdown.o ABSOLUTE
    ../clib/libinit.s                        0x00000000   Number         0  libinit2.o ABSOLUTE
    ../clib/libinit.s                        0x00000000   Number         0  libshutdown2.o ABSOLUTE
    ../clib/longlong.s                       0x00000000   Number         0  lludivv7m.o ABSOLUTE
    ../clib/signal.c                         0x00000000   Number         0  defsig_stak_inner.o ABSOLUTE
    ../clib/signal.c                         0x00000000   Number         0  defsig_rtmem_formal.o ABSOLUTE
    ../clib/signal.c                         0x00000000   Number         0  defsig_rtmem_outer.o ABSOLUTE
    ../clib/signal.c                         0x00000000   Number         0  defsig_rtmem_inner.o ABSOLUTE
    ../clib/signal.c                         0x00000000   Number         0  defsig_rtred_inner.o ABSOLUTE
    ../clib/signal.c                         0x00000000   Number         0  defsig_abrt_inner.o ABSOLUTE
    ../clib/signal.c                         0x00000000   Number         0  defsig_general.o ABSOLUTE
    ../clib/signal.c                         0x00000000   Number         0  __raise.o ABSOLUTE
    ../clib/signal.c                         0x00000000   Number         0  defsig_segv_inner.o ABSOLUTE
    ../clib/signal.c                         0x00000000   Number         0  defsig_other.o ABSOLUTE
    ../clib/signal.c                         0x00000000   Number         0  defsig_fpe_inner.o ABSOLUTE
    ../clib/signal.c                         0x00000000   Number         0  defsig_exit.o ABSOLUTE
    ../clib/signal.c                         0x00000000   Number         0  defsig_fpe_formal.o ABSOLUTE
    ../clib/signal.c                         0x00000000   Number         0  defsig_fpe_outer.o ABSOLUTE
    ../clib/signal.c                         0x00000000   Number         0  defsig_pvfn_inner.o ABSOLUTE
    ../clib/signal.c                         0x00000000   Number         0  defsig_cppl_inner.o ABSOLUTE
    ../clib/signal.s                         0x00000000   Number         0  defsig.o ABSOLUTE
    ../clib/stdlib.c                         0x00000000   Number         0  exit.o ABSOLUTE
    ../fplib/fpinit.s                        0x00000000   Number         0  fpinit.o ABSOLUTE
    ADC.c                                    0x00000000   Number         0  adc.o ABSOLUTE
    Blinky.c                                 0x00000000   Number         0  blinky.o ABSOLUTE
    GLCD_SPI_LPC1700.c                       0x00000000   Number         0  glcd_spi_lpc1700.o ABSOLUTE
    IRQ.c                                    0x00000000   Number         0  irq.o ABSOLUTE
    KBD.c                                    0x00000000   Number         0  kbd.o ABSOLUTE
    LED.c                                    0x00000000   Number         0  led.o ABSOLUTE
    adcuser.c                                0x00000000   Number         0  adcuser.o ABSOLUTE
    ball..c                                  0x00000000   Number         0  ball..o ABSOLUTE
    core_cm3.c                               0x00000000   Number         0  core_cm3.o ABSOLUTE
    core_cm3.c                               0x00000000   Number         0  core_cm3.o ABSOLUTE
    dc.s                                     0x00000000   Number         0  dc.o ABSOLUTE
    logo.c                                   0x00000000   Number         0  logo.o ABSOLUTE
    nike.c                                   0x00000000   Number         0  nike.o ABSOLUTE
    startup_LPC17xx.s                        0x00000000   Number         0  startup_lpc17xx.o ABSOLUTE
    system_LPC17xx.c                         0x00000000   Number         0  system_lpc17xx.o ABSOLUTE
    usbcore.c                                0x00000000   Number         0  usbcore.o ABSOLUTE
    usbdesc.c                                0x00000000   Number         0  usbdesc.o ABSOLUTE
    usbdmain.c                               0x00000000   Number         0  usbdmain.o ABSOLUTE
    usbhw.c                                  0x00000000   Number         0  usbhw.o ABSOLUTE
    usbuser.c                                0x00000000   Number         0  usbuser.o ABSOLUTE
    !!!main                                  0x000000cc   Section        8  __main.o(!!!main)
    !!!scatter                               0x000000d4   Section       52  __scatter.o(!!!scatter)
    !!handler_copy                           0x00000108   Section       26  __scatter_copy.o(!!handler_copy)
    !!handler_zi                             0x00000124   Section       28  __scatter_zi.o(!!handler_zi)
    .ARM.Collect$$libinit$$00000000          0x00000140   Section        2  libinit.o(.ARM.Collect$$libinit$$00000000)
    .ARM.Collect$$libinit$$00000002          0x00000142   Section        0  libinit2.o(.ARM.Collect$$libinit$$00000002)
    .ARM.Collect$$libinit$$00000008          0x00000142   Section        0  libinit2.o(.ARM.Collect$$libinit$$00000008)
    .ARM.Collect$$libinit$$0000000A          0x00000142   Section        0  libinit2.o(.ARM.Collect$$libinit$$0000000A)
    .ARM.Collect$$libinit$$0000000C          0x00000142   Section        0  libinit2.o(.ARM.Collect$$libinit$$0000000C)
    .ARM.Collect$$libinit$$0000000F          0x00000142   Section        0  libinit2.o(.ARM.Collect$$libinit$$0000000F)
    .ARM.Collect$$libinit$$00000011          0x00000142   Section        0  libinit2.o(.ARM.Collect$$libinit$$00000011)
    .ARM.Collect$$libinit$$00000013          0x00000142   Section        0  libinit2.o(.ARM.Collect$$libinit$$00000013)
    .ARM.Collect$$libinit$$00000015          0x00000142   Section        0  libinit2.o(.ARM.Collect$$libinit$$00000015)
    .ARM.Collect$$libinit$$00000017          0x00000142   Section        0  libinit2.o(.ARM.Collect$$libinit$$00000017)
    .ARM.Collect$$libinit$$00000019          0x00000142   Section        0  libinit2.o(.ARM.Collect$$libinit$$00000019)
    .ARM.Collect$$libinit$$0000001B          0x00000142   Section        0  libinit2.o(.ARM.Collect$$libinit$$0000001B)
    .ARM.Collect$$libinit$$0000001D          0x00000142   Section        0  libinit2.o(.ARM.Collect$$libinit$$0000001D)
    .ARM.Collect$$libinit$$0000001F          0x00000142   Section        0  libinit2.o(.ARM.Collect$$libinit$$0000001F)
    .ARM.Collect$$libinit$$00000021          0x00000142   Section        0  libinit2.o(.ARM.Collect$$libinit$$00000021)
    .ARM.Collect$$libinit$$00000023          0x00000142   Section        0  libinit2.o(.ARM.Collect$$libinit$$00000023)
    .ARM.Collect$$libinit$$0000002A          0x00000142   Section        0  libinit2.o(.ARM.Collect$$libinit$$0000002A)
    .ARM.Collect$$libinit$$0000002C          0x00000142   Section        0  libinit2.o(.ARM.Collect$$libinit$$0000002C)
    .ARM.Collect$$libinit$$0000002E          0x00000142   Section        0  libinit2.o(.ARM.Collect$$libinit$$0000002E)
    .ARM.Collect$$libinit$$00000030          0x00000142   Section        0  libinit2.o(.ARM.Collect$$libinit$$00000030)
    .ARM.Collect$$libinit$$00000031          0x00000142   Section        2  libinit2.o(.ARM.Collect$$libinit$$00000031)
    .ARM.Collect$$libshutdown$$00000000      0x00000144   Section        2  libshutdown.o(.ARM.Collect$$libshutdown$$00000000)
    .ARM.Collect$$libshutdown$$00000003      0x00000146   Section        0  libshutdown2.o(.ARM.Collect$$libshutdown$$00000003)
    .ARM.Collect$$libshutdown$$00000006      0x00000146   Section        0  libshutdown2.o(.ARM.Collect$$libshutdown$$00000006)
    .ARM.Collect$$libshutdown$$00000009      0x00000146   Section        0  libshutdown2.o(.ARM.Collect$$libshutdown$$00000009)
    .ARM.Collect$$libshutdown$$0000000B      0x00000146   Section        0  libshutdown2.o(.ARM.Collect$$libshutdown$$0000000B)
    .ARM.Collect$$libshutdown$$0000000E      0x00000146   Section        0  libshutdown2.o(.ARM.Collect$$libshutdown$$0000000E)
    .ARM.Collect$$libshutdown$$0000000F      0x00000146   Section        2  libshutdown2.o(.ARM.Collect$$libshutdown$$0000000F)
    .ARM.Collect$$rtentry$$00000000          0x00000148   Section        0  rtentry.o(.ARM.Collect$$rtentry$$00000000)
    .ARM.Collect$$rtentry$$00000002          0x00000148   Section        0  rtentry2.o(.ARM.Collect$$rtentry$$00000002)
    .ARM.Collect$$rtentry$$00000004          0x00000148   Section        6  rtentry4.o(.ARM.Collect$$rtentry$$00000004)
    .ARM.Collect$$rtentry$$00000009          0x0000014e   Section        0  rtentry2.o(.ARM.Collect$$rtentry$$00000009)
    .ARM.Collect$$rtentry$$0000000A          0x0000014e   Section        4  rtentry2.o(.ARM.Collect$$rtentry$$0000000A)
    .ARM.Collect$$rtentry$$0000000C          0x00000152   Section        0  rtentry2.o(.ARM.Collect$$rtentry$$0000000C)
    .ARM.Collect$$rtentry$$0000000D          0x00000152   Section        8  rtentry2.o(.ARM.Collect$$rtentry$$0000000D)
    .ARM.Collect$$rtexit$$00000000           0x0000015a   Section        2  rtexit.o(.ARM.Collect$$rtexit$$00000000)
    .ARM.Collect$$rtexit$$00000002           0x0000015c   Section        0  rtexit2.o(.ARM.Collect$$rtexit$$00000002)
    .ARM.Collect$$rtexit$$00000003           0x0000015c   Section        4  rtexit2.o(.ARM.Collect$$rtexit$$00000003)
    .ARM.Collect$$rtexit$$00000004           0x00000160   Section        6  rtexit2.o(.ARM.Collect$$rtexit$$00000004)
    .text                                    0x00000168   Section       60  startup_lpc17xx.o(.text)
    .text                                    0x000001a4   Section        0  adc.o(.text)
    .text                                    0x0000024c   Section        0  irq.o(.text)
    .text                                    0x000002c0   Section        0  heapauxi.o(.text)
    .text                                    0x000002c6   Section        0  exit.o(.text)
    .text                                    0x000002d4   Section        8  libspace.o(.text)
    .text                                    0x000002dc   Section        0  sys_exit.o(.text)
    .text                                    0x000002e8   Section        2  use_no_semi.o(.text)
    .text                                    0x000002ea   Section        0  indicate_semi.o(.text)
    .constdata                               0x000002ec   Section       16  usbhw.o(.constdata)
    .ARM.__at_0x02FC                         0x000002fc   Section        4  startup_lpc17xx.o(.ARM.__at_0x02FC)
    .text                                    0x00000300   Section        0  adcuser.o(.text)
    .text                                    0x000003e8   Section        0  blinky.o(.text)
    .text                                    0x00001e14   Section        0  glcd_spi_lpc1700.o(.text)
    delay                                    0x00001e15   Thumb Code    14  glcd_spi_lpc1700.o(.text)
    spi_tran_man                             0x00001e23   Thumb Code   124  glcd_spi_lpc1700.o(.text)
    wr_cmd                                   0x00001e9f   Thumb Code    36  glcd_spi_lpc1700.o(.text)
    wr_dat                                   0x00001ec3   Thumb Code    36  glcd_spi_lpc1700.o(.text)
    rd_reg                                   0x00001ee7   Thumb Code    66  glcd_spi_lpc1700.o(.text)
    rd_id_man                                0x00001f29   Thumb Code   132  glcd_spi_lpc1700.o(.text)
    spi_tran                                 0x00002947   Thumb Code    26  glcd_spi_lpc1700.o(.text)
    wr_dat_start                             0x00002961   Thumb Code    16  glcd_spi_lpc1700.o(.text)
    wr_dat_stop                              0x00002971   Thumb Code     8  glcd_spi_lpc1700.o(.text)
    wr_dat_only                              0x00002979   Thumb Code    18  glcd_spi_lpc1700.o(.text)
    wr_reg                                   0x0000298b   Thumb Code    20  glcd_spi_lpc1700.o(.text)
    .text                                    0x000029b8   Section        0  kbd.o(.text)
    .text                                    0x00002a18   Section        0  led.o(.text)
    .text                                    0x00002ac4   Section        0  system_lpc17xx.o(.text)
    .text                                    0x00002f24   Section        0  usbcore.o(.text)
    .text                                    0x00003300   Section        0  usbdmain.o(.text)
    .text                                    0x0000352c   Section        0  usbhw.o(.text)
    .text                                    0x00003de0   Section        0  usbuser.o(.text)
    .text                                    0x00003ec0   Section      238  lludivv7m.o(.text)
    .text                                    0x00003fae   Section       74  sys_stackheap_outer.o(.text)
    i.USB_ReqGetDescriptor                   0x00003ff8   Section        0  usbcore.o(i.USB_ReqGetDescriptor)
    i.USB_ReqGetStatus                       0x000040b0   Section        0  usbcore.o(i.USB_ReqGetStatus)
    i.USB_ReqSetClrFeature                   0x00004170   Section        0  usbcore.o(i.USB_ReqSetClrFeature)
    i.USB_ReqSetConfiguration                0x0000425c   Section        0  usbcore.o(i.USB_ReqSetConfiguration)
    i.USB_ReqSetInterface                    0x00004410   Section        0  usbcore.o(i.USB_ReqSetInterface)
    .constdata                               0x00004540   Section     6272  glcd_spi_lpc1700.o(.constdata)
    .constdata                               0x00005dc0   Section       32  led.o(.constdata)
    .constdata                               0x00005de0   Section      228  usbdesc.o(.constdata)
    .constdata                               0x00005ec4   Section       64  usbuser.o(.constdata)
    .constdata                               0x00005f04   Section    115201  nike.o(.constdata)
    .constdata                               0x00022105   Section     5001  ball..o(.constdata)
    .constdata                               0x0002348e   Section    20003  logo.o(.constdata)
    .data                                    0x10000000   Section        4  adc.o(.data)
    .data                                    0x10000004   Section        2  adcuser.o(.data)
    .data                                    0x10000008   Section       42  blinky.o(.data)
    .data                                    0x10000032   Section        5  glcd_spi_lpc1700.o(.data)
    Color                                    0x10000032   Data           4  glcd_spi_lpc1700.o(.data)
    Himax                                    0x10000036   Data           1  glcd_spi_lpc1700.o(.data)
    .data                                    0x10000038   Section       13  irq.o(.data)
    ticks                                    0x10000038   Data           4  irq.o(.data)
    timetick                                 0x1000003c   Data           4  irq.o(.data)
    leds                                     0x10000040   Data           4  irq.o(.data)
    .data                                    0x10000048   Section        8  system_lpc17xx.o(.data)
    .data                                    0x10000050   Section       40  usbcore.o(.data)
    .data                                    0x10000078   Section       32  usbdmain.o(.data)
    .data                                    0x10000098   Section        8  usbhw.o(.data)
    .bss                                     0x100000a0   Section       64  usbcore.o(.bss)
    .bss                                     0x100000e0   Section      128  usbhw.o(.bss)
    .bss                                     0x10000160   Section       96  libspace.o(.bss)
    HEAP                                     0x100001c0   Section        0  startup_lpc17xx.o(HEAP)
    STACK                                    0x100001c0   Section      512  startup_lpc17xx.o(STACK)
    Heap_Mem                                 0x100001c0   Data           0  startup_lpc17xx.o(HEAP)
    Stack_Mem                                0x100001c0   Data         512  startup_lpc17xx.o(STACK)
    USB_RAM                                  0x100003c0   Section      544  usbhw.o(USB_RAM)
    __initial_sp                             0x100003c0   Data           0  startup_lpc17xx.o(STACK)

    Global Symbols

    Symbol Name                              Value     Ov Type        Size  Object(Section)

    BuildAttributes$$THM_ISAv4$P$D$K$B$S$PE$A:L22UL41UL21$X:L11$S22US41US21$IEEE1$IW$USESV6$~STKCKD$USESV7$~SHL$OSPACE$ROPI$EBA8$UX$STANDARDLIB$REQ8$PRES8$EABIv2 0x00000000   Number         0  anon$$obj.o ABSOLUTE
    __ARM_use_no_argv                        0x00000000   Number         0  blinky.o ABSOLUTE
    __Vectors                                0x00000000   Data           4  startup_lpc17xx.o(RESET)
    __ARM_exceptions_init                     - Undefined Weak Reference
    __alloca_initialize                       - Undefined Weak Reference
    __cpp_initialize__aeabi_                  - Undefined Weak Reference
    __cxa_finalize                            - Undefined Weak Reference
    __rt_locale                               - Undefined Weak Reference
    __sigvec_lookup                           - Undefined Weak Reference
    _atexit_init                              - Undefined Weak Reference
    _call_atexit_fns                          - Undefined Weak Reference
    _clock_init                               - Undefined Weak Reference
    _fp_trap_init                             - Undefined Weak Reference
    _fp_trap_shutdown                         - Undefined Weak Reference
    _get_lc_collate                           - Undefined Weak Reference
    _get_lc_ctype                             - Undefined Weak Reference
    _get_lc_monetary                          - Undefined Weak Reference
    _get_lc_numeric                           - Undefined Weak Reference
    _get_lc_time                              - Undefined Weak Reference
    _getenv_init                              - Undefined Weak Reference
    _handle_redirection                       - Undefined Weak Reference
    _init_alloc                               - Undefined Weak Reference
    _init_user_alloc                          - Undefined Weak Reference
    _initio                                   - Undefined Weak Reference
    _rand_init                                - Undefined Weak Reference
    _signal_finish                            - Undefined Weak Reference
    _signal_init                              - Undefined Weak Reference
    _terminate_alloc                          - Undefined Weak Reference
    _terminate_user_alloc                     - Undefined Weak Reference
    _terminateio                              - Undefined Weak Reference
    __main                                   0x000000cd   Thumb Code     8  __main.o(!!!main)
    __scatterload                            0x000000d5   Thumb Code     0  __scatter.o(!!!scatter)
    __scatterload_rt2                        0x000000d5   Thumb Code    44  __scatter.o(!!!scatter)
    __scatterload_rt2_thumb_only             0x000000d5   Thumb Code     0  __scatter.o(!!!scatter)
    __scatterload_null                       0x000000e3   Thumb Code     0  __scatter.o(!!!scatter)
    __scatterload_copy                       0x00000109   Thumb Code    26  __scatter_copy.o(!!handler_copy)
    __scatterload_zeroinit                   0x00000125   Thumb Code    28  __scatter_zi.o(!!handler_zi)
    __rt_lib_init                            0x00000141   Thumb Code     0  libinit.o(.ARM.Collect$$libinit$$00000000)
    __rt_lib_init_alloca_1                   0x00000143   Thumb Code     0  libinit2.o(.ARM.Collect$$libinit$$0000002C)
    __rt_lib_init_argv_1                     0x00000143   Thumb Code     0  libinit2.o(.ARM.Collect$$libinit$$0000002A)
    __rt_lib_init_atexit_1                   0x00000143   Thumb Code     0  libinit2.o(.ARM.Collect$$libinit$$00000019)
    __rt_lib_init_clock_1                    0x00000143   Thumb Code     0  libinit2.o(.ARM.Collect$$libinit$$0000001F)
    __rt_lib_init_cpp_1                      0x00000143   Thumb Code     0  libinit2.o(.ARM.Collect$$libinit$$00000030)
    __rt_lib_init_exceptions_1               0x00000143   Thumb Code     0  libinit2.o(.ARM.Collect$$libinit$$0000002E)
    __rt_lib_init_fp_1                       0x00000143   Thumb Code     0  libinit2.o(.ARM.Collect$$libinit$$00000002)
    __rt_lib_init_fp_trap_1                  0x00000143   Thumb Code     0  libinit2.o(.ARM.Collect$$libinit$$0000001D)
    __rt_lib_init_getenv_1                   0x00000143   Thumb Code     0  libinit2.o(.ARM.Collect$$libinit$$00000021)
    __rt_lib_init_heap_1                     0x00000143   Thumb Code     0  libinit2.o(.ARM.Collect$$libinit$$00000008)
    __rt_lib_init_lc_collate_1               0x00000143   Thumb Code     0  libinit2.o(.ARM.Collect$$libinit$$0000000F)
    __rt_lib_init_lc_ctype_1                 0x00000143   Thumb Code     0  libinit2.o(.ARM.Collect$$libinit$$00000011)
    __rt_lib_init_lc_monetary_1              0x00000143   Thumb Code     0  libinit2.o(.ARM.Collect$$libinit$$00000013)
    __rt_lib_init_lc_numeric_1               0x00000143   Thumb Code     0  libinit2.o(.ARM.Collect$$libinit$$00000015)
    __rt_lib_init_lc_time_1                  0x00000143   Thumb Code     0  libinit2.o(.ARM.Collect$$libinit$$00000017)
    __rt_lib_init_rand_1                     0x00000143   Thumb Code     0  libinit2.o(.ARM.Collect$$libinit$$0000000C)
    __rt_lib_init_return                     0x00000143   Thumb Code     0  libinit2.o(.ARM.Collect$$libinit$$00000031)
    __rt_lib_init_signal_1                   0x00000143   Thumb Code     0  libinit2.o(.ARM.Collect$$libinit$$0000001B)
    __rt_lib_init_stdio_1                    0x00000143   Thumb Code     0  libinit2.o(.ARM.Collect$$libinit$$00000023)
    __rt_lib_init_user_alloc_1               0x00000143   Thumb Code     0  libinit2.o(.ARM.Collect$$libinit$$0000000A)
    __rt_lib_shutdown                        0x00000145   Thumb Code     0  libshutdown.o(.ARM.Collect$$libshutdown$$00000000)
    __rt_lib_shutdown_fp_trap_1              0x00000147   Thumb Code     0  libshutdown2.o(.ARM.Collect$$libshutdown$$00000006)
    __rt_lib_shutdown_heap_1                 0x00000147   Thumb Code     0  libshutdown2.o(.ARM.Collect$$libshutdown$$0000000E)
    __rt_lib_shutdown_return                 0x00000147   Thumb Code     0  libshutdown2.o(.ARM.Collect$$libshutdown$$0000000F)
    __rt_lib_shutdown_signal_1               0x00000147   Thumb Code     0  libshutdown2.o(.ARM.Collect$$libshutdown$$00000009)
    __rt_lib_shutdown_stdio_1                0x00000147   Thumb Code     0  libshutdown2.o(.ARM.Collect$$libshutdown$$00000003)
    __rt_lib_shutdown_user_alloc_1           0x00000147   Thumb Code     0  libshutdown2.o(.ARM.Collect$$libshutdown$$0000000B)
    __rt_entry                               0x00000149   Thumb Code     0  rtentry.o(.ARM.Collect$$rtentry$$00000000)
    __rt_entry_presh_1                       0x00000149   Thumb Code     0  rtentry2.o(.ARM.Collect$$rtentry$$00000002)
    __rt_entry_sh                            0x00000149   Thumb Code     0  rtentry4.o(.ARM.Collect$$rtentry$$00000004)
    __rt_entry_li                            0x0000014f   Thumb Code     0  rtentry2.o(.ARM.Collect$$rtentry$$0000000A)
    __rt_entry_postsh_1                      0x0000014f   Thumb Code     0  rtentry2.o(.ARM.Collect$$rtentry$$00000009)
    __rt_entry_main                          0x00000153   Thumb Code     0  rtentry2.o(.ARM.Collect$$rtentry$$0000000D)
    __rt_entry_postli_1                      0x00000153   Thumb Code     0  rtentry2.o(.ARM.Collect$$rtentry$$0000000C)
    __rt_exit                                0x0000015b   Thumb Code     0  rtexit.o(.ARM.Collect$$rtexit$$00000000)
    __rt_exit_ls                             0x0000015d   Thumb Code     0  rtexit2.o(.ARM.Collect$$rtexit$$00000003)
    __rt_exit_prels_1                        0x0000015d   Thumb Code     0  rtexit2.o(.ARM.Collect$$rtexit$$00000002)
    __rt_exit_exit                           0x00000161   Thumb Code     0  rtexit2.o(.ARM.Collect$$rtexit$$00000004)
    Reset_Handler                            0x00000169   Thumb Code     8  startup_lpc17xx.o(.text)
    NMI_Handler                              0x00000171   Thumb Code     2  startup_lpc17xx.o(.text)
    HardFault_Handler                        0x00000173   Thumb Code     2  startup_lpc17xx.o(.text)
    MemManage_Handler                        0x00000175   Thumb Code     2  startup_lpc17xx.o(.text)
    BusFault_Handler                         0x00000177   Thumb Code     2  startup_lpc17xx.o(.text)
    UsageFault_Handler                       0x00000179   Thumb Code     2  startup_lpc17xx.o(.text)
    SVC_Handler                              0x0000017b   Thumb Code     2  startup_lpc17xx.o(.text)
    DebugMon_Handler                         0x0000017d   Thumb Code     2  startup_lpc17xx.o(.text)
    PendSV_Handler                           0x0000017f   Thumb Code     2  startup_lpc17xx.o(.text)
    ADC_IRQHandler                           0x00000183   Thumb Code     0  startup_lpc17xx.o(.text)
    BOD_IRQHandler                           0x00000183   Thumb Code     0  startup_lpc17xx.o(.text)
    CANActivity_IRQHandler                   0x00000183   Thumb Code     0  startup_lpc17xx.o(.text)
    CAN_IRQHandler                           0x00000183   Thumb Code     0  startup_lpc17xx.o(.text)
    DMA_IRQHandler                           0x00000183   Thumb Code     0  startup_lpc17xx.o(.text)
    EINT0_IRQHandler                         0x00000183   Thumb Code     0  startup_lpc17xx.o(.text)
    EINT1_IRQHandler                         0x00000183   Thumb Code     0  startup_lpc17xx.o(.text)
    EINT2_IRQHandler                         0x00000183   Thumb Code     0  startup_lpc17xx.o(.text)
    EINT3_IRQHandler                         0x00000183   Thumb Code     0  startup_lpc17xx.o(.text)
    ENET_IRQHandler                          0x00000183   Thumb Code     0  startup_lpc17xx.o(.text)
    I2C0_IRQHandler                          0x00000183   Thumb Code     0  startup_lpc17xx.o(.text)
    I2C1_IRQHandler                          0x00000183   Thumb Code     0  startup_lpc17xx.o(.text)
    I2C2_IRQHandler                          0x00000183   Thumb Code     0  startup_lpc17xx.o(.text)
    I2S_IRQHandler                           0x00000183   Thumb Code     0  startup_lpc17xx.o(.text)
    MCPWM_IRQHandler                         0x00000183   Thumb Code     0  startup_lpc17xx.o(.text)
    PLL0_IRQHandler                          0x00000183   Thumb Code     0  startup_lpc17xx.o(.text)
    PLL1_IRQHandler                          0x00000183   Thumb Code     0  startup_lpc17xx.o(.text)
    PWM1_IRQHandler                          0x00000183   Thumb Code     0  startup_lpc17xx.o(.text)
    QEI_IRQHandler                           0x00000183   Thumb Code     0  startup_lpc17xx.o(.text)
    RIT_IRQHandler                           0x00000183   Thumb Code     0  startup_lpc17xx.o(.text)
    RTC_IRQHandler                           0x00000183   Thumb Code     0  startup_lpc17xx.o(.text)
    SPI_IRQHandler                           0x00000183   Thumb Code     0  startup_lpc17xx.o(.text)
    SSP0_IRQHandler                          0x00000183   Thumb Code     0  startup_lpc17xx.o(.text)
    SSP1_IRQHandler                          0x00000183   Thumb Code     0  startup_lpc17xx.o(.text)
    TIMER1_IRQHandler                        0x00000183   Thumb Code     0  startup_lpc17xx.o(.text)
    TIMER2_IRQHandler                        0x00000183   Thumb Code     0  startup_lpc17xx.o(.text)
    TIMER3_IRQHandler                        0x00000183   Thumb Code     0  startup_lpc17xx.o(.text)
    UART0_IRQHandler                         0x00000183   Thumb Code     0  startup_lpc17xx.o(.text)
    UART1_IRQHandler                         0x00000183   Thumb Code     0  startup_lpc17xx.o(.text)
    UART2_IRQHandler                         0x00000183   Thumb Code     0  startup_lpc17xx.o(.text)
    UART3_IRQHandler                         0x00000183   Thumb Code     0  startup_lpc17xx.o(.text)
    USBActivity_IRQHandler                   0x00000183   Thumb Code     0  startup_lpc17xx.o(.text)
    WDT_IRQHandler                           0x00000183   Thumb Code     0  startup_lpc17xx.o(.text)
    __user_initial_stackheap                 0x00000185   Thumb Code     0  startup_lpc17xx.o(.text)
    ADC_Init                                 0x000001a5   Thumb Code    64  adc.o(.text)
    ADC_StartCnv                             0x000001e5   Thumb Code    24  adc.o(.text)
    ADC_StopCnv                              0x000001fd   Thumb Code    14  adc.o(.text)
    ADC_GetCnv                               0x0000020b   Thumb Code    36  adc.o(.text)
    SysTick_Handler                          0x0000024d   Thumb Code    96  irq.o(.text)
    __use_two_region_memory                  0x000002c1   Thumb Code     2  heapauxi.o(.text)
    __rt_heap_escrow$2region                 0x000002c3   Thumb Code     2  heapauxi.o(.text)
    __rt_heap_expand$2region                 0x000002c5   Thumb Code     2  heapauxi.o(.text)
    exit                                     0x000002c7   Thumb Code    12  exit.o(.text)
    __user_libspace                          0x000002d5   Thumb Code     8  libspace.o(.text)
    __user_perproc_libspace                  0x000002d5   Thumb Code     0  libspace.o(.text)
    __user_perthread_libspace                0x000002d5   Thumb Code     0  libspace.o(.text)
    _sys_exit                                0x000002dd   Thumb Code     8  sys_exit.o(.text)
    __I$use$semihosting                      0x000002e9   Thumb Code     0  use_no_semi.o(.text)
    __use_no_semihosting_swi                 0x000002e9   Thumb Code     2  use_no_semi.o(.text)
    __semihosting_library_function           0x000002eb   Thumb Code     0  indicate_semi.o(.text)
    DDAdr                                    0x000002ec   Data           8  usbhw.o(.constdata)
    DDSz                                     0x000002f4   Data           8  usbhw.o(.constdata)
    ADC_IF_GetRequest                        0x00000301   Thumb Code   128  adcuser.o(.text)
    ADC_IF_SetRequest                        0x00000381   Thumb Code    80  adcuser.o(.text)
    ADC_EP_GetRequest                        0x000003d1   Thumb Code     4  adcuser.o(.text)
    ADC_EP_SetRequest                        0x000003d5   Thumb Code     4  adcuser.o(.text)
    music                                    0x000003e9   Thumb Code   104  blinky.o(.text)
    delay                                    0x00000451   Thumb Code    30  blinky.o(.text)
    upState                                  0x0000046f   Thumb Code    30  blinky.o(.text)
    downState                                0x0000048d   Thumb Code    30  blinky.o(.text)
    Dstate                                   0x000004ab   Thumb Code    68  blinky.o(.text)
    Ustate                                   0x000004ef   Thumb Code    68  blinky.o(.text)
    Lstate                                   0x00000533   Thumb Code    70  blinky.o(.text)
    Rstate                                   0x00000579   Thumb Code    70  blinky.o(.text)
    get_state                                0x000005bf   Thumb Code    28  blinky.o(.text)
    getGameState                             0x000005db   Thumb Code    52  blinky.o(.text)
    fputc                                    0x0000060f   Thumb Code    30  blinky.o(.text)
    gallery                                  0x0000062d   Thumb Code   668  blinky.o(.text)
    resetSquare                              0x000008c9   Thumb Code    44  blinky.o(.text)
    board                                    0x000008f5   Thumb Code   452  blinky.o(.text)
    checkWin                                 0x00000ab9   Thumb Code   572  blinky.o(.text)
    user1                                    0x00000cf5   Thumb Code  1930  blinky.o(.text)
    user2                                    0x0000147f   Thumb Code  1808  blinky.o(.text)
    game                                     0x00001b8f   Thumb Code   130  blinky.o(.text)
    menu                                     0x00001c11   Thumb Code   394  blinky.o(.text)
    main                                     0x00001d9b   Thumb Code    18  blinky.o(.text)
    GLCD_Init                                0x00001fad   Thumb Code  1514  glcd_spi_lpc1700.o(.text)
    GLCD_SetWindow                           0x00002597   Thumb Code   168  glcd_spi_lpc1700.o(.text)
    GLCD_WindowMax                           0x0000263f   Thumb Code    26  glcd_spi_lpc1700.o(.text)
    GLCD_PutPixel                            0x00002659   Thumb Code   118  glcd_spi_lpc1700.o(.text)
    GLCD_SetTextColor                        0x000026cf   Thumb Code     6  glcd_spi_lpc1700.o(.text)
    GLCD_SetBackColor                        0x000026d5   Thumb Code     6  glcd_spi_lpc1700.o(.text)
    GLCD_Clear                               0x000026db   Thumb Code    42  glcd_spi_lpc1700.o(.text)
    GLCD_DrawChar                            0x00002705   Thumb Code   150  glcd_spi_lpc1700.o(.text)
    GLCD_DisplayChar                         0x0000279b   Thumb Code    84  glcd_spi_lpc1700.o(.text)
    GLCD_DisplayString                       0x000027ef   Thumb Code    40  glcd_spi_lpc1700.o(.text)
    GLCD_ClearLn                             0x00002817   Thumb Code    94  glcd_spi_lpc1700.o(.text)
    GLCD_Bargraph                            0x00002875   Thumb Code    98  glcd_spi_lpc1700.o(.text)
    GLCD_Bitmap                              0x000028d7   Thumb Code    82  glcd_spi_lpc1700.o(.text)
    GLCD_ScrollVertical                      0x00002929   Thumb Code     2  glcd_spi_lpc1700.o(.text)
    GLCD_WrCmd                               0x0000292b   Thumb Code    12  glcd_spi_lpc1700.o(.text)
    GLCD_WrReg                               0x00002937   Thumb Code    16  glcd_spi_lpc1700.o(.text)
    KBD_Init                                 0x000029b9   Thumb Code    42  kbd.o(.text)
    KBD_get                                  0x000029e3   Thumb Code    12  kbd.o(.text)
    get_button                               0x000029ef   Thumb Code    20  kbd.o(.text)
    LED_Init                                 0x00002a19   Thumb Code    38  led.o(.text)
    LED_On                                   0x00002a3f   Thumb Code    40  led.o(.text)
    LED_Off                                  0x00002a67   Thumb Code    40  led.o(.text)
    LED_Out                                  0x00002a8f   Thumb Code    38  led.o(.text)
    SystemCoreClockUpdate                    0x00002ac5   Thumb Code   424  system_lpc17xx.o(.text)
    SystemInit                               0x00002c6d   Thumb Code   290  system_lpc17xx.o(.text)
    SystemClockUpdate                        0x00002d8f   Thumb Code   398  system_lpc17xx.o(.text)
    USB_ResetCore                            0x00002f25   Thumb Code    34  usbcore.o(.text)
    USB_SetupStage                           0x00002f47   Thumb Code    12  usbcore.o(.text)
    USB_DataInStage                          0x00002f53   Thumb Code    52  usbcore.o(.text)
    USB_DataOutStage                         0x00002f87   Thumb Code    34  usbcore.o(.text)
    USB_StatusInStage                        0x00002fa9   Thumb Code    14  usbcore.o(.text)
    USB_StatusOutStage                       0x00002fb7   Thumb Code    12  usbcore.o(.text)
    USB_EndPoint0                            0x00002fc3   Thumb Code   784  usbcore.o(.text)
    get_potval                               0x00003301   Thumb Code    54  usbdmain.o(.text)
    TIMER0_IRQHandler                        0x00003337   Thumb Code   226  usbdmain.o(.text)
    mp3player                                0x00003419   Thumb Code   202  usbdmain.o(.text)
    EPAdr                                    0x0000352d   Thumb Code    16  usbhw.o(.text)
    WrCmd                                    0x0000353d   Thumb Code    26  usbhw.o(.text)
    WrCmdDat                                 0x00003557   Thumb Code    50  usbhw.o(.text)
    WrCmdEP                                  0x00003589   Thumb Code    70  usbhw.o(.text)
    RdCmdDat                                 0x000035cf   Thumb Code    32  usbhw.o(.text)
    USB_SetAddress                           0x000035ef   Thumb Code    42  usbhw.o(.text)
    USB_Reset                                0x00003619   Thumb Code   170  usbhw.o(.text)
    USB_Init                                 0x000036c3   Thumb Code   138  usbhw.o(.text)
    USB_Connect                              0x0000374d   Thumb Code    28  usbhw.o(.text)
    USB_Suspend                              0x00003769   Thumb Code     2  usbhw.o(.text)
    USB_Resume                               0x0000376b   Thumb Code     2  usbhw.o(.text)
    USB_WakeUp                               0x0000376d   Thumb Code    22  usbhw.o(.text)
    USB_WakeUpCfg                            0x00003783   Thumb Code     2  usbhw.o(.text)
    USB_Configure                            0x00003785   Thumb Code    54  usbhw.o(.text)
    USB_ConfigEP                             0x000037bb   Thumb Code    66  usbhw.o(.text)
    USB_DirCtrlEP                            0x000037fd   Thumb Code     2  usbhw.o(.text)
    USB_EnableEP                             0x000037ff   Thumb Code    26  usbhw.o(.text)
    USB_DisableEP                            0x00003819   Thumb Code    26  usbhw.o(.text)
    USB_ResetEP                              0x00003833   Thumb Code    26  usbhw.o(.text)
    USB_SetStallEP                           0x0000384d   Thumb Code    26  usbhw.o(.text)
    USB_ClrStallEP                           0x00003867   Thumb Code    26  usbhw.o(.text)
    USB_ClearEPBuf                           0x00003881   Thumb Code    14  usbhw.o(.text)
    USB_ReadEP                               0x0000388f   Thumb Code    92  usbhw.o(.text)
    USB_WriteEP                              0x000038eb   Thumb Code   226  usbhw.o(.text)
    USB_DMA_Setup                            0x000039cd   Thumb Code   248  usbhw.o(.text)
    USB_DMA_Enable                           0x00003ac5   Thumb Code    20  usbhw.o(.text)
    USB_DMA_Disable                          0x00003ad9   Thumb Code    20  usbhw.o(.text)
    USB_DMA_Status                           0x00003aed   Thumb Code    76  usbhw.o(.text)
    USB_DMA_BufAdr                           0x00003b39   Thumb Code    30  usbhw.o(.text)
    USB_DMA_BufCnt                           0x00003b57   Thumb Code    30  usbhw.o(.text)
    USB_GetFrame                             0x00003b75   Thumb Code    30  usbhw.o(.text)
    USB_IRQHandler                           0x00003b93   Thumb Code   494  usbhw.o(.text)
    USB_Reset_Event                          0x00003de1   Thumb Code     8  usbuser.o(.text)
    USB_SOF_Event                            0x00003de9   Thumb Code     2  usbuser.o(.text)
    USB_EndPoint1                            0x00003deb   Thumb Code     2  usbuser.o(.text)
    USB_EndPoint2                            0x00003ded   Thumb Code     2  usbuser.o(.text)
    USB_EndPoint3                            0x00003def   Thumb Code   164  usbuser.o(.text)
    USB_EndPoint4                            0x00003e93   Thumb Code     2  usbuser.o(.text)
    USB_EndPoint5                            0x00003e95   Thumb Code     2  usbuser.o(.text)
    USB_EndPoint6                            0x00003e97   Thumb Code     2  usbuser.o(.text)
    USB_EndPoint7                            0x00003e99   Thumb Code     2  usbuser.o(.text)
    USB_EndPoint8                            0x00003e9b   Thumb Code     2  usbuser.o(.text)
    USB_EndPoint9                            0x00003e9d   Thumb Code     2  usbuser.o(.text)
    USB_EndPoint10                           0x00003e9f   Thumb Code     2  usbuser.o(.text)
    USB_EndPoint11                           0x00003ea1   Thumb Code     2  usbuser.o(.text)
    USB_EndPoint12                           0x00003ea3   Thumb Code     2  usbuser.o(.text)
    USB_EndPoint13                           0x00003ea5   Thumb Code     2  usbuser.o(.text)
    USB_EndPoint14                           0x00003ea7   Thumb Code     2  usbuser.o(.text)
    USB_EndPoint15                           0x00003ea9   Thumb Code     2  usbuser.o(.text)
    __aeabi_uldivmod                         0x00003ec1   Thumb Code     0  lludivv7m.o(.text)
    _ll_udiv                                 0x00003ec1   Thumb Code   238  lludivv7m.o(.text)
    __user_setup_stackheap                   0x00003faf   Thumb Code    74  sys_stackheap_outer.o(.text)
    USB_ReqGetDescriptor                     0x00003ff9   Thumb Code   164  usbcore.o(i.USB_ReqGetDescriptor)
    USB_ReqGetStatus                         0x000040b1   Thumb Code   160  usbcore.o(i.USB_ReqGetStatus)
    USB_ReqSetClrFeature                     0x00004171   Thumb Code   210  usbcore.o(i.USB_ReqSetClrFeature)
    USB_ReqSetConfiguration                  0x0000425d   Thumb Code   400  usbcore.o(i.USB_ReqSetConfiguration)
    USB_ReqSetInterface                      0x00004411   Thumb Code   278  usbcore.o(i.USB_ReqSetInterface)
    Font_6x8_h                               0x00004540   Data         896  glcd_spi_lpc1700.o(.constdata)
    Font_16x24_h                             0x000048c0   Data        5376  glcd_spi_lpc1700.o(.constdata)
    led_mask                                 0x00005dc0   Data          32  led.o(.constdata)
    USB_DeviceDescriptor                     0x00005de0   Data          18  usbdesc.o(.constdata)
    USB_ConfigDescriptor                     0x00005df2   Data         110  usbdesc.o(.constdata)
    USB_StringDescriptor                     0x00005e60   Data         100  usbdesc.o(.constdata)
    USB_P_EP                                 0x00005ec4   Data          64  usbuser.o(.constdata)
    nike                                     0x00005f04   Data       115201  nike.o(.constdata)
    ball                                     0x00022105   Data        5001  ball..o(.constdata)
    logo                                     0x0002348e   Data       20003  logo.o(.constdata)
    Region$$Table$$Base                      0x000282b4   Number         0  anon$$obj.o(Region$$Table)
    Region$$Table$$Limit                     0x000282d4   Number         0  anon$$obj.o(Region$$Table)
    AD_done                                  0x10000000   Data           1  adc.o(.data)
    AD_last                                  0x10000002   Data           2  adc.o(.data)
    VolCur                                   0x10000004   Data           2  adcuser.o(.data)
    musicOn                                  0x10000008   Data           4  blinky.o(.data)
    i                                        0x1000000c   Data           4  blinky.o(.data)
    state                                    0x10000010   Data           4  blinky.o(.data)
    gameState                                0x10000014   Data           4  blinky.o(.data)
    gameOver                                 0x10000018   Data           4  blinky.o(.data)
    square                                   0x1000001c   Data           9  blinky.o(.data)
    __stdout                                 0x10000028   Data           4  blinky.o(.data)
    __stdin                                  0x1000002c   Data           4  blinky.o(.data)
    ADC_Dbg                                  0x10000030   Data           2  blinky.o(.data)
    clock_ms                                 0x10000044   Data           1  irq.o(.data)
    SystemCoreClock                          0x10000048   Data           4  system_lpc17xx.o(.data)
    SystemFrequency                          0x1000004c   Data           4  system_lpc17xx.o(.data)
    USB_DeviceStatus                         0x10000050   Data           2  usbcore.o(.data)
    USB_DeviceAddress                        0x10000052   Data           1  usbcore.o(.data)
    USB_Configuration                        0x10000053   Data           1  usbcore.o(.data)
    USB_EndPointMask                         0x10000054   Data           4  usbcore.o(.data)
    USB_EndPointHalt                         0x10000058   Data           4  usbcore.o(.data)
    USB_EndPointStall                        0x1000005c   Data           4  usbcore.o(.data)
    USB_NumInterfaces                        0x10000060   Data           1  usbcore.o(.data)
    USB_AltSetting                           0x10000061   Data           4  usbcore.o(.data)
    EP0Data                                  0x10000068   Data           8  usbcore.o(.data)
    SetupPacket                              0x10000070   Data           8  usbcore.o(.data)
    InfoBuf                                  0x10000078   Data           4  usbdmain.o(.data)
    DataBuf                                  0x1000007c   Data           4  usbdmain.o(.data)
    Mute                                     0x10000080   Data           1  usbdmain.o(.data)
    Volume                                   0x10000084   Data           4  usbdmain.o(.data)
    DataOut                                  0x10000088   Data           2  usbdmain.o(.data)
    DataIn                                   0x1000008a   Data           2  usbdmain.o(.data)
    DataRun                                  0x1000008c   Data           1  usbdmain.o(.data)
    PotVal                                   0x1000008e   Data           2  usbdmain.o(.data)
    VUM                                      0x10000090   Data           4  usbdmain.o(.data)
    Tick                                     0x10000094   Data           4  usbdmain.o(.data)
    DDMemMap                                 0x10000098   Data           8  usbhw.o(.data)
    EP0Buf                                   0x100000a0   Data          64  usbcore.o(.bss)
    udca                                     0x100000e0   Data         128  usbhw.o(.bss)
    __libspace_start                         0x10000160   Data          96  libspace.o(.bss)
    __temporary_stack_top$libspace           0x100001c0   Data           0  libspace.o(.bss)
    UDCA                                     0x100003c0   Data         128  usbhw.o(USB_RAM)
    DD_NISO_Mem                              0x10000440   Data         256  usbhw.o(USB_RAM)
    DD_ISO_Mem                               0x10000540   Data         160  usbhw.o(USB_RAM)



==============================================================================

Memory Map of the image

  Image Entry point : 0x000000cd

  Load Region LR_IROM1 (Base: 0x00000000, Size: 0x00028374, Max: 0x00080000, ABSOLUTE)

    Execution Region ER_IROM1 (Base: 0x00000000, Size: 0x000282d4, Max: 0x00080000, ABSOLUTE)

    Base Addr    Size         Type   Attr      Idx    E Section Name        Object

    0x00000000   0x000000cc   Data   RO            3    RESET               startup_lpc17xx.o
    0x000000cc   0x00000008   Code   RO          412  * !!!main             c_w.l(__main.o)
    0x000000d4   0x00000034   Code   RO          576    !!!scatter          c_w.l(__scatter.o)
    0x00000108   0x0000001a   Code   RO          578    !!handler_copy      c_w.l(__scatter_copy.o)
    0x00000122   0x00000002   PAD
    0x00000124   0x0000001c   Code   RO          580    !!handler_zi        c_w.l(__scatter_zi.o)
    0x00000140   0x00000002   Code   RO          449    .ARM.Collect$$libinit$$00000000  c_w.l(libinit.o)
    0x00000142   0x00000000   Code   RO          462    .ARM.Collect$$libinit$$00000002  c_w.l(libinit2.o)
    0x00000142   0x00000000   Code   RO          465    .ARM.Collect$$libinit$$00000008  c_w.l(libinit2.o)
    0x00000142   0x00000000   Code   RO          467    .ARM.Collect$$libinit$$0000000A  c_w.l(libinit2.o)
    0x00000142   0x00000000   Code   RO          469    .ARM.Collect$$libinit$$0000000C  c_w.l(libinit2.o)
    0x00000142   0x00000000   Code   RO          472    .ARM.Collect$$libinit$$0000000F  c_w.l(libinit2.o)
    0x00000142   0x00000000   Code   RO          474    .ARM.Collect$$libinit$$00000011  c_w.l(libinit2.o)
    0x00000142   0x00000000   Code   RO          476    .ARM.Collect$$libinit$$00000013  c_w.l(libinit2.o)
    0x00000142   0x00000000   Code   RO          478    .ARM.Collect$$libinit$$00000015  c_w.l(libinit2.o)
    0x00000142   0x00000000   Code   RO          480    .ARM.Collect$$libinit$$00000017  c_w.l(libinit2.o)
    0x00000142   0x00000000   Code   RO          482    .ARM.Collect$$libinit$$00000019  c_w.l(libinit2.o)
    0x00000142   0x00000000   Code   RO          484    .ARM.Collect$$libinit$$0000001B  c_w.l(libinit2.o)
    0x00000142   0x00000000   Code   RO          486    .ARM.Collect$$libinit$$0000001D  c_w.l(libinit2.o)
    0x00000142   0x00000000   Code   RO          488    .ARM.Collect$$libinit$$0000001F  c_w.l(libinit2.o)
    0x00000142   0x00000000   Code   RO          490    .ARM.Collect$$libinit$$00000021  c_w.l(libinit2.o)
    0x00000142   0x00000000   Code   RO          492    .ARM.Collect$$libinit$$00000023  c_w.l(libinit2.o)
    0x00000142   0x00000000   Code   RO          496    .ARM.Collect$$libinit$$0000002A  c_w.l(libinit2.o)
    0x00000142   0x00000000   Code   RO          498    .ARM.Collect$$libinit$$0000002C  c_w.l(libinit2.o)
    0x00000142   0x00000000   Code   RO          500    .ARM.Collect$$libinit$$0000002E  c_w.l(libinit2.o)
    0x00000142   0x00000000   Code   RO          502    .ARM.Collect$$libinit$$00000030  c_w.l(libinit2.o)
    0x00000142   0x00000002   Code   RO          503    .ARM.Collect$$libinit$$00000031  c_w.l(libinit2.o)
    0x00000144   0x00000002   Code   RO          534    .ARM.Collect$$libshutdown$$00000000  c_w.l(libshutdown.o)
    0x00000146   0x00000000   Code   RO          561    .ARM.Collect$$libshutdown$$00000003  c_w.l(libshutdown2.o)
    0x00000146   0x00000000   Code   RO          564    .ARM.Collect$$libshutdown$$00000006  c_w.l(libshutdown2.o)
    0x00000146   0x00000000   Code   RO          567    .ARM.Collect$$libshutdown$$00000009  c_w.l(libshutdown2.o)
    0x00000146   0x00000000   Code   RO          569    .ARM.Collect$$libshutdown$$0000000B  c_w.l(libshutdown2.o)
    0x00000146   0x00000000   Code   RO          572    .ARM.Collect$$libshutdown$$0000000E  c_w.l(libshutdown2.o)
    0x00000146   0x00000002   Code   RO          573    .ARM.Collect$$libshutdown$$0000000F  c_w.l(libshutdown2.o)
    0x00000148   0x00000000   Code   RO          414    .ARM.Collect$$rtentry$$00000000  c_w.l(rtentry.o)
    0x00000148   0x00000000   Code   RO          420    .ARM.Collect$$rtentry$$00000002  c_w.l(rtentry2.o)
    0x00000148   0x00000006   Code   RO          432    .ARM.Collect$$rtentry$$00000004  c_w.l(rtentry4.o)
    0x0000014e   0x00000000   Code   RO          422    .ARM.Collect$$rtentry$$00000009  c_w.l(rtentry2.o)
    0x0000014e   0x00000004   Code   RO          423    .ARM.Collect$$rtentry$$0000000A  c_w.l(rtentry2.o)
    0x00000152   0x00000000   Code   RO          425    .ARM.Collect$$rtentry$$0000000C  c_w.l(rtentry2.o)
    0x00000152   0x00000008   Code   RO          426    .ARM.Collect$$rtentry$$0000000D  c_w.l(rtentry2.o)
    0x0000015a   0x00000002   Code   RO          453    .ARM.Collect$$rtexit$$00000000  c_w.l(rtexit.o)
    0x0000015c   0x00000000   Code   RO          507    .ARM.Collect$$rtexit$$00000002  c_w.l(rtexit2.o)
    0x0000015c   0x00000004   Code   RO          508    .ARM.Collect$$rtexit$$00000003  c_w.l(rtexit2.o)
    0x00000160   0x00000006   Code   RO          509    .ARM.Collect$$rtexit$$00000004  c_w.l(rtexit2.o)
    0x00000166   0x00000002   PAD
    0x00000168   0x0000003c   Code   RO            5    .text               startup_lpc17xx.o
    0x000001a4   0x000000a8   Code   RO           13    .text               adc.o
    0x0000024c   0x00000074   Code   RO          161    .text               irq.o
    0x000002c0   0x00000006   Code   RO          410    .text               c_w.l(heapauxi.o)
    0x000002c6   0x0000000c   Code   RO          438    .text               c_w.l(exit.o)
    0x000002d2   0x00000002   PAD
    0x000002d4   0x00000008   Code   RO          450    .text               c_w.l(libspace.o)
    0x000002dc   0x0000000c   Code   RO          504    .text               c_w.l(sys_exit.o)
    0x000002e8   0x00000002   Code   RO          523    .text               c_w.l(use_no_semi.o)
    0x000002ea   0x00000000   Code   RO          525    .text               c_w.l(indicate_semi.o)
    0x000002ea   0x00000002   PAD
    0x000002ec   0x00000010   Data   RO          347    .constdata          usbhw.o
    0x000002fc   0x00000004   Code   RO            4    .ARM.__at_0x02FC    startup_lpc17xx.o
    0x00000300   0x000000e8   Code   RO           45    .text               adcuser.o
    0x000003e8   0x00001a2c   Code   RO           84    .text               blinky.o
    0x00001e14   0x00000ba4   Code   RO          129    .text               glcd_spi_lpc1700.o
    0x000029b8   0x00000060   Code   RO          176    .text               kbd.o
    0x00002a18   0x000000ac   Code   RO          200    .text               led.o
    0x00002ac4   0x00000460   Code   RO          215    .text               system_lpc17xx.o
    0x00002f24   0x000003dc   Code   RO          239    .text               usbcore.o
    0x00003300   0x0000022c   Code   RO          320    .text               usbdmain.o
    0x0000352c   0x000008b4   Code   RO          345    .text               usbhw.o
    0x00003de0   0x000000e0   Code   RO          363    .text               usbuser.o
    0x00003ec0   0x000000ee   Code   RO          408    .text               c_w.l(lludivv7m.o)
    0x00003fae   0x0000004a   Code   RO          436    .text               c_w.l(sys_stackheap_outer.o)
    0x00003ff8   0x000000b8   Code   RO          264    i.USB_ReqGetDescriptor  usbcore.o
    0x000040b0   0x000000c0   Code   RO          252    i.USB_ReqGetStatus  usbcore.o
    0x00004170   0x000000ec   Code   RO          258    i.USB_ReqSetClrFeature  usbcore.o
    0x0000425c   0x000001b4   Code   RO          270    i.USB_ReqSetConfiguration  usbcore.o
    0x00004410   0x00000130   Code   RO          276    i.USB_ReqSetInterface  usbcore.o
    0x00004540   0x00001880   Data   RO          130    .constdata          glcd_spi_lpc1700.o
    0x00005dc0   0x00000020   Data   RO          201    .constdata          led.o
    0x00005de0   0x000000e4   Data   RO          308    .constdata          usbdesc.o
    0x00005ec4   0x00000040   Data   RO          364    .constdata          usbuser.o
    0x00005f04   0x0001c201   Data   RO          385    .constdata          nike.o
    0x00022105   0x00001389   Data   RO          392    .constdata          ball..o
    0x0002348e   0x00004e23   Data   RO          399    .constdata          logo.o
    0x000282b1   0x00000003   PAD
    0x000282b4   0x00000020   Data   RO          574    Region$$Table       anon$$obj.o


    Execution Region RW_IRAM1 (Base: 0x10000000, Size: 0x000005e0, Max: 0x00008000, ABSOLUTE)

    Base Addr    Size         Type   Attr      Idx    E Section Name        Object

    0x10000000   0x00000004   Data   RW           14    .data               adc.o
    0x10000004   0x00000002   Data   RW           47    .data               adcuser.o
    0x10000006   0x00000002   PAD
    0x10000008   0x0000002a   Data   RW           86    .data               blinky.o
    0x10000032   0x00000005   Data   RW          131    .data               glcd_spi_lpc1700.o
    0x10000037   0x00000001   PAD
    0x10000038   0x0000000d   Data   RW          162    .data               irq.o
    0x10000045   0x00000003   PAD
    0x10000048   0x00000008   Data   RW          216    .data               system_lpc17xx.o
    0x10000050   0x00000028   Data   RW          241    .data               usbcore.o
    0x10000078   0x00000020   Data   RW          321    .data               usbdmain.o
    0x10000098   0x00000008   Data   RW          348    .data               usbhw.o
    0x100000a0   0x00000040   Zero   RW          240    .bss                usbcore.o
    0x100000e0   0x00000080   Zero   RW          346    .bss                usbhw.o
    0x10000160   0x00000060   Zero   RW          451    .bss                c_w.l(libspace.o)
    0x100001c0   0x00000000   Zero   RW            2    HEAP                startup_lpc17xx.o
    0x100001c0   0x00000200   Zero   RW            1    STACK               startup_lpc17xx.o
    0x100003c0   0x00000220   Zero   RW          349    USB_RAM             usbhw.o


==============================================================================

Image component sizes


      Code (inc. data)   RO Data    RW Data    ZI Data      Debug   Object Name

       168         30          0          4          0       5033   adc.o
       232         16          0          2          0       5872   adcuser.o
         0          0       5001          0          0        239   ball..o
      6700        494          0         42          0       7782   blinky.o
      2980         62       6272          5          0       8636   glcd_spi_lpc1700.o
       116         20          0         13          0        605   irq.o
        96         22          0          0          0        702   kbd.o
       172         16         32          0          0       1229   led.o
         0          0      20003          0          0        239   logo.o
         0          0     115201          0          0        239   nike.o
        64         26        204          0        512        852   startup_lpc17xx.o
      1120         90          0          8          0      16303   system_lpc17xx.o
      2340        206          0         40         64       8675   usbcore.o
         0          0        228          0          0        529   usbdesc.o
       556         74          0         32          0       6686   usbdmain.o
      2228        256         16          8        672       8091   usbhw.o
       224         22         64          0          0       3067   usbuser.o

    ----------------------------------------------------------------------
     16996       1334     147056        160       1248      74779   Object Totals
         0          0         32          0          0          0   (incl. Generated)
         0          0          3          6          0          0   (incl. Padding)

    ----------------------------------------------------------------------

      Code (inc. data)   RO Data    RW Data    ZI Data      Debug   Library Member Name

         8          0          0          0          0         68   __main.o
        52          8          0          0          0          0   __scatter.o
        26          0          0          0          0          0   __scatter_copy.o
        28          0          0          0          0          0   __scatter_zi.o
        12          0          0          0          0         72   exit.o
         6          0          0          0          0        152   heapauxi.o
         0          0          0          0          0          0   indicate_semi.o
         2          0          0          0          0          0   libinit.o
         2          0          0          0          0          0   libinit2.o
         2          0          0          0          0          0   libshutdown.o
         2          0          0          0          0          0   libshutdown2.o
         8          4          0          0         96         68   libspace.o
       238          0          0          0          0        100   lludivv7m.o
         0          0          0          0          0          0   rtentry.o
        12          0          0          0          0          0   rtentry2.o
         6          0          0          0          0          0   rtentry4.o
         2          0          0          0          0          0   rtexit.o
        10          0          0          0          0          0   rtexit2.o
        12          4          0          0          0         68   sys_exit.o
        74          0          0          0          0         80   sys_stackheap_outer.o
         2          0          0          0          0         68   use_no_semi.o

    ----------------------------------------------------------------------
       512         16          0          0         96        676   Library Totals
         8          0          0          0          0          0   (incl. Padding)

    ----------------------------------------------------------------------

      Code (inc. data)   RO Data    RW Data    ZI Data      Debug   Library Name

       504         16          0          0         96        676   c_w.l

    ----------------------------------------------------------------------
       512         16          0          0         96        676   Library Totals

    ----------------------------------------------------------------------

==============================================================================


      Code (inc. data)   RO Data    RW Data    ZI Data      Debug   

     17508       1350     147056        160       1344      73531   Grand Totals
     17508       1350     147056        160       1344      73531   ELF Image Totals
     17508       1350     147056        160          0          0   ROM Totals

==============================================================================

    Total RO  Size (Code + RO Data)               164564 ( 160.71kB)
    Total RW  Size (RW Data + ZI Data)              1504 (   1.47kB)
    Total ROM Size (Code + RO Data + RW Data)     164724 ( 160.86kB)

==============================================================================

