<html>
<body>
<pre>
<h1>µVision Build Log</h1>
<h2>Project:</h2>
S:\coe718\project1.3\project.uvproj
Project File Date:  12/04/2017

<h2>Output:</h2>
Rebuild target 'Target 1'
assembling startup_LPC17xx.s...
compiling ADC.c...
compiling adcuser.c...
compiling Blinky.c...
KBD.h(30): warning:  #1-D: last line of file ends without a newline
  #endif 
Blinky.c: 1 warning, 0 errors
compiling core_cm3.c...
compiling GLCD_SPI_LPC1700.c...
compiling IRQ.c...
compiling KBD.c...
KBD.h(30): warning:  #1-D: last line of file ends without a newline
  #endif 
KBD.c(47): warning:  #1-D: last line of file ends without a newline
  } 
KBD.c: 2 warnings, 0 errors
compiling LED.c...
compiling system_LPC17xx.c...
compiling usbcore.c...
compiling usbdesc.c...
compiling usbdmain.c...
KBD.h(30): warning:  #1-D: last line of file ends without a newline
  #endif 
usbdmain.c(179): warning:  #940-D: missing return statement at end of non-void function "mp3player"
  }
usbdmain.c: 2 warnings, 0 errors
compiling usbhw.c...
compiling usbuser.c...
compiling nike.c...
compiling ball..c...
compiling logo.c...
linking...
Program Size: Code=17508 RO-data=147056 RW-data=160 ZI-data=1344  
".\project.axf" - 0 Error(s), 5 Warning(s).
Load "S:\\coe718\\project1.3\\project.axf" 
Erase Done.
Programming Done.
Verify OK.
